

===== RUN =====
D:\python\conda\envs\dlgpu\python.exe train.py --fold 1 --epochs 1 --batch_size 64 --ablation full --val_ratio 0.1 --val_seed 2026 --checkpoint_dir D:\buaa_study\research\vi-fi\my_vifi\checkpoints_strict --log_dir D:\buaa_study\research\vi-fi\my_vifi\logs_strict --device cuda

Device: cuda
Ablation: full
Camera feature indices: [0, 1, 2]
Phone feature indices: [0, 1, 2, 3, 4, 5, 6, 7, 8, 9, 10]
Window size: 10
Validation split: ratio=0.1, seed=2026
Computing feature normalization statistics...
Found 82 sequences (15 indoor, 67 outdoor)
WARNING: configured test sequences not found: ['20210907_145202']
Validation sequences (8): ['20201223_140951', '20201228_164427', '20201229_155701', '20211004_145341', '20211004_152828', '20211006_144439', '20211006_145531', '20211006_153008']
Using 70 sequences for train (fold 1)
  Loading sequence 1/70...
  Loading sequence 11/70...
  Loading sequence 21/70...
  Loading sequence 31/70...
  Loading sequence 41/70...
  Loading sequence 51/70...
  Loading sequence 61/70...
Total samples: 109632
  Sampling 2031 windows from 109632 total...
  Camera mean: [629.9398    411.52264     5.5549874]
  Camera std:  [306.5588    121.71995     2.0781972]
  Phone mean:  [ 5.0159219e+03  5.0869455e+02 -6.2061274e-01  2.8045444e+00
  9.0492592e+00 -6.0320820e-04  2.3006435e-02  5.2532215e-02
 -4.3211386e-01 -1.5706474e+01 -4.5503578e+01]
  Phone std:   [3.0605007e+03 4.0651724e+02 1.7531084e+00 2.5337276e+00 2.6653860e+00
 5.1210928e-01 4.7996682e-01 7.4948359e-01 2.9065914e+01 2.6853004e+01
 2.1885490e+01]
Found 82 sequences (15 indoor, 67 outdoor)
WARNING: configured test sequences not found: ['20210907_145202']
Validation sequences (8): ['20201223_140951', '20201228_164427', '20201229_155701', '20211004_145341', '20211004_152828', '20211006_144439', '20211006_145531', '20211006_153008']
Using 70 sequences for train (fold 1)
  Loading sequence 1/70...
  Loading sequence 11/70...
  Loading sequence 21/70...
  Loading sequence 31/70...
  Loading sequence 41/70...
  Loading sequence 51/70...
  Loading sequence 61/70...
Total samples: 109632
Found 82 sequences (15 indoor, 67 outdoor)
WARNING: configured test sequences not found: ['20210907_145202']
Validation sequences (8): ['20201223_140951', '20201228_164427', '20201229_155701', '20211004_145341', '20211004_152828', '20211006_144439', '20211006_145531', '20211006_153008']
Using 8 sequences for val (fold 1)
  Loading sequence 1/8...
Total samples: 10502
Train samples: 109632, Val samples: 10502
Epoch 1, Iter 50: loss=1.5796, acc=0.2163, lr=0.000100
Epoch 1, Iter 100: loss=1.5267, acc=0.2432, lr=0.000100
Epoch 1, Iter 150: loss=1.4642, acc=0.2212, lr=0.000100
Epoch 1, Iter 200: loss=1.3767, acc=0.3124, lr=0.000100
Epoch 1, Iter 250: loss=1.2821, acc=0.3372, lr=0.000100
Epoch 1, Iter 300: loss=1.2092, acc=0.4008, lr=0.000100
Epoch 1, Iter 350: loss=1.1185, acc=0.4091, lr=0.000100
Epoch 1, Iter 400: loss=1.0626, acc=0.4064, lr=0.000100
Epoch 1, Iter 450: loss=1.0666, acc=0.3826, lr=0.000100
Epoch 1, Iter 500: loss=0.9981, acc=0.3966, lr=0.000100
Epoch 1, Iter 550: loss=1.0121, acc=0.3924, lr=0.000100
Epoch 1, Iter 600: loss=1.0318, acc=0.3587, lr=0.000100
Epoch 1, Iter 650: loss=0.9711, acc=0.3666, lr=0.000100
Epoch 1, Iter 700: loss=0.9777, acc=0.4025, lr=0.000100
Epoch 1, Iter 750: loss=0.9408, acc=0.4066, lr=0.000100
Epoch 1, Iter 800: loss=0.9206, acc=0.4175, lr=0.000100
Epoch 1, Iter 850: loss=0.9499, acc=0.4656, lr=0.000100
Epoch 1, Iter 900: loss=0.9607, acc=0.3950, lr=0.000100
Epoch 1, Iter 950: loss=0.9344, acc=0.4587, lr=0.000100
Epoch 1, Iter 1000: loss=0.9693, acc=0.4222, lr=0.000100
Epoch 1, Iter 1050: loss=0.9007, acc=0.4497, lr=0.000100
Epoch 1, Iter 1100: loss=0.9603, acc=0.4581, lr=0.000100
Epoch 1, Iter 1150: loss=0.8731, acc=0.4702, lr=0.000100
Epoch 1, Iter 1200: loss=0.8649, acc=0.5449, lr=0.000100
Epoch 1, Iter 1250: loss=0.8818, acc=0.5042, lr=0.000100
Epoch 1, Iter 1300: loss=0.9417, acc=0.4433, lr=0.000100
Epoch 1, Iter 1350: loss=0.9130, acc=0.5040, lr=0.000100
Epoch 1, Iter 1400: loss=0.8573, acc=0.5147, lr=0.000100
Epoch 1, Iter 1450: loss=0.8565, acc=0.5324, lr=0.000100
Epoch 1, Iter 1500: loss=0.9495, acc=0.4850, lr=0.000100
Epoch 1, Iter 1550: loss=0.9106, acc=0.5251, lr=0.000100
Epoch 1, Iter 1600: loss=0.8550, acc=0.5122, lr=0.000100
Epoch 1, Iter 1650: loss=0.8650, acc=0.5363, lr=0.000100
Epoch 1, Iter 1700: loss=0.8172, acc=0.5290, lr=0.000100
Epoch 1/1: train_loss=1.0334, train_acc=0.4239, val_loss=0.8066, val_acc=0.5937
New best: fold1_best_epoch1_acc0.5937.pth
Training complete. Best val acc: 0.5937


===== RUN =====
D:\python\conda\envs\dlgpu\python.exe train.py --fold 1 --epochs 80 --batch_size 64 --ablation full --val_ratio 0.1 --val_seed 2026 --checkpoint_dir D:\buaa_study\research\vi-fi\my_vifi\checkpoints_strict --log_dir D:\buaa_study\research\vi-fi\my_vifi\logs_strict --device cuda



===== RUN =====
D:\python\conda\envs\dlgpu\python.exe train.py --fold 1 --epochs 80 --batch_size 64 --ablation full --val_ratio 0.1 --val_seed 2026 --checkpoint_dir D:\buaa_study\research\vi-fi\my_vifi\checkpoints_strict --log_dir D:\buaa_study\research\vi-fi\my_vifi\logs_strict --device cuda

Device: cuda
Ablation: full
Camera feature indices: [0, 1, 2]
Phone feature indices: [0, 1, 2, 3, 4, 5, 6, 7, 8, 9, 10]
Window size: 10
Validation split: ratio=0.1, seed=2026
Computing feature normalization statistics...
Found 82 sequences (15 indoor, 67 outdoor)
WARNING: configured test sequences not found: ['20210907_145202']
Validation sequences (8): ['20201223_140951', '20201228_164427', '20201229_155701', '20211004_145341', '20211004_152828', '20211006_144439', '20211006_145531', '20211006_153008']
Using 70 sequences for train (fold 1)
  Loading sequence 1/70...
  Loading sequence 11/70...
  Loading sequence 21/70...
  Loading sequence 31/70...


===== RUN =====
D:\python\conda\envs\dlgpu\python.exe train.py --fold 1 --epochs 30 --batch_size 64 --ablation full --val_ratio 0.1 --val_seed 2026 --checkpoint_dir D:\buaa_study\research\vi-fi\my_vifi\checkpoints_strict --log_dir D:\buaa_study\research\vi-fi\my_vifi\logs_strict --device cuda

Device: cuda
Ablation: full
Camera feature indices: [0, 1, 2]
Phone feature indices: [0, 1, 2, 3, 4, 5, 6, 7, 8, 9, 10]
Window size: 10
Validation split: ratio=0.1, seed=2026
Computing feature normalization statistics...
Found 82 sequences (15 indoor, 67 outdoor)
WARNING: configured test sequences not found: ['20210907_145202']
Validation sequences (8): ['20201223_140951', '20201228_164427', '20201229_155701', '20211004_145341', '20211004_152828', '20211006_144439', '20211006_145531', '20211006_153008']
Using 70 sequences for train (fold 1)
  Loading sequence 1/70...
  Loading sequence 11/70...
  Loading sequence 21/70...
  Loading sequence 31/70...
  Loading sequence 41/70...
  Loading sequence 51/70...
  Loading sequence 61/70...
Total samples: 109632
  Sampling 2031 windows from 109632 total...
  Camera mean: [629.9398    411.52264     5.5549874]
  Camera std:  [306.5588    121.71995     2.0781972]
  Phone mean:  [ 5.0159219e+03  5.0869455e+02 -6.2061274e-01  2.8045444e+00
  9.0492592e+00 -6.0320820e-04  2.3006435e-02  5.2532215e-02
 -4.3211386e-01 -1.5706474e+01 -4.5503578e+01]
  Phone std:   [3.0605007e+03 4.0651724e+02 1.7531084e+00 2.5337276e+00 2.6653860e+00
 5.1210928e-01 4.7996682e-01 7.4948359e-01 2.9065914e+01 2.6853004e+01
 2.1885490e+01]
Found 82 sequences (15 indoor, 67 outdoor)
WARNING: configured test sequences not found: ['20210907_145202']
Validation sequences (8): ['20201223_140951', '20201228_164427', '20201229_155701', '20211004_145341', '20211004_152828', '20211006_144439', '20211006_145531', '20211006_153008']
Using 70 sequences for train (fold 1)
  Loading sequence 1/70...
  Loading sequence 11/70...
  Loading sequence 21/70...
  Loading sequence 31/70...
  Loading sequence 41/70...
  Loading sequence 51/70...
  Loading sequence 61/70...
Total samples: 109632
Found 82 sequences (15 indoor, 67 outdoor)
WARNING: configured test sequences not found: ['20210907_145202']
Validation sequences (8): ['20201223_140951', '20201228_164427', '20201229_155701', '20211004_145341', '20211004_152828', '20211006_144439', '20211006_145531', '20211006_153008']
Using 8 sequences for val (fold 1)
  Loading sequence 1/8...
Total samples: 10502
Train samples: 109632, Val samples: 10502
Epoch 1, Iter 50: loss=1.5968, acc=0.1958, lr=0.001000
Epoch 1, Iter 100: loss=1.1121, acc=0.3974, lr=0.001000
Epoch 1, Iter 150: loss=0.9449, acc=0.4251, lr=0.001000
Epoch 1, Iter 200: loss=0.9414, acc=0.4502, lr=0.001000
Epoch 1, Iter 250: loss=0.8513, acc=0.5319, lr=0.001000
Epoch 1, Iter 300: loss=0.8409, acc=0.5607, lr=0.001000
Epoch 1, Iter 350: loss=0.7719, acc=0.5975, lr=0.001000
Epoch 1, Iter 400: loss=0.7702, acc=0.6448, lr=0.001000
Epoch 1, Iter 450: loss=0.6619, acc=0.6736, lr=0.001000
Epoch 1, Iter 500: loss=0.7240, acc=0.6370, lr=0.001000
Epoch 1, Iter 550: loss=0.5880, acc=0.6889, lr=0.001000
Epoch 1, Iter 600: loss=0.6874, acc=0.6392, lr=0.001000
Epoch 1, Iter 650: loss=0.5824, acc=0.7240, lr=0.001000
Epoch 1, Iter 700: loss=0.6359, acc=0.7098, lr=0.001000
Epoch 1, Iter 750: loss=0.6849, acc=0.6870, lr=0.001000
Epoch 1, Iter 800: loss=0.5912, acc=0.7340, lr=0.001000
Epoch 1, Iter 850: loss=0.6218, acc=0.7063, lr=0.001000
Epoch 1, Iter 900: loss=0.6049, acc=0.6906, lr=0.001000
Epoch 1, Iter 950: loss=0.5316, acc=0.7658, lr=0.001000
Epoch 1, Iter 1000: loss=0.6796, acc=0.6486, lr=0.001000
Epoch 1, Iter 1050: loss=0.6007, acc=0.7393, lr=0.001000
Epoch 1, Iter 1100: loss=0.6033, acc=0.7179, lr=0.001000
Epoch 1, Iter 1150: loss=0.5564, acc=0.7320, lr=0.001000
Epoch 1, Iter 1200: loss=0.5728, acc=0.7407, lr=0.001000
Epoch 1, Iter 1250: loss=0.5979, acc=0.7388, lr=0.001000
Epoch 1, Iter 1300: loss=0.5650, acc=0.7486, lr=0.001000
Epoch 1, Iter 1350: loss=0.6535, acc=0.6843, lr=0.001000
Epoch 1, Iter 1400: loss=0.5849, acc=0.7149, lr=0.001000
Epoch 1, Iter 1450: loss=0.5092, acc=0.7650, lr=0.001000
Epoch 1, Iter 1500: loss=0.6228, acc=0.7518, lr=0.001000
Epoch 1, Iter 1550: loss=0.5169, acc=0.7751, lr=0.001000
Epoch 1, Iter 1600: loss=0.6148, acc=0.7144, lr=0.001000
Epoch 1, Iter 1650: loss=0.6210, acc=0.7103, lr=0.001000
Epoch 1, Iter 1700: loss=0.5685, acc=0.7276, lr=0.001000
Epoch 1/30: train_loss=0.7073, train_acc=0.6501, val_loss=0.5098, val_acc=0.7682
New best: fold1_best_epoch1_acc0.7682.pth
Epoch 2, Iter 50: loss=0.5860, acc=0.7430, lr=0.001000
Epoch 2, Iter 100: loss=0.4785, acc=0.7697, lr=0.001000
Epoch 2, Iter 150: loss=0.6457, acc=0.6827, lr=0.001000
Epoch 2, Iter 200: loss=0.5718, acc=0.7349, lr=0.001000
Epoch 2, Iter 250: loss=0.4947, acc=0.7615, lr=0.001000
Epoch 2, Iter 300: loss=0.5576, acc=0.7312, lr=0.001000
Epoch 2, Iter 350: loss=0.5209, acc=0.7426, lr=0.001000
Epoch 2, Iter 400: loss=0.5477, acc=0.7567, lr=0.001000
Epoch 2, Iter 450: loss=0.5502, acc=0.7358, lr=0.001000
Epoch 2, Iter 500: loss=0.5733, acc=0.7333, lr=0.001000
Epoch 2, Iter 550: loss=0.6216, acc=0.6985, lr=0.001000
Epoch 2, Iter 600: loss=0.4408, acc=0.8039, lr=0.001000
Epoch 2, Iter 650: loss=0.5490, acc=0.7399, lr=0.001000
Epoch 2, Iter 700: loss=0.5413, acc=0.7776, lr=0.001000
Epoch 2, Iter 750: loss=0.5044, acc=0.7989, lr=0.001000
Epoch 2, Iter 800: loss=0.5038, acc=0.8053, lr=0.001000
Epoch 2, Iter 850: loss=0.5423, acc=0.7538, lr=0.001000
Epoch 2, Iter 900: loss=0.5797, acc=0.7199, lr=0.001000
Epoch 2, Iter 950: loss=0.4800, acc=0.7832, lr=0.001000
Epoch 2, Iter 1000: loss=0.4399, acc=0.8166, lr=0.001000
Epoch 2, Iter 1050: loss=0.5720, acc=0.7415, lr=0.001000
Epoch 2, Iter 1100: loss=0.4563, acc=0.8002, lr=0.001000
Epoch 2, Iter 1150: loss=0.6062, acc=0.7316, lr=0.001000
Epoch 2, Iter 1200: loss=0.5768, acc=0.7350, lr=0.001000
Epoch 2, Iter 1250: loss=0.5246, acc=0.7647, lr=0.001000
Epoch 2, Iter 1300: loss=0.5505, acc=0.7259, lr=0.001000
Epoch 2, Iter 1350: loss=0.5088, acc=0.7800, lr=0.001000
Epoch 2, Iter 1400: loss=0.5328, acc=0.7450, lr=0.001000
Epoch 2, Iter 1450: loss=0.5846, acc=0.7142, lr=0.001000
Epoch 2, Iter 1500: loss=0.4347, acc=0.8033, lr=0.001000
Epoch 2, Iter 1550: loss=0.5053, acc=0.7675, lr=0.001000
Epoch 2, Iter 1600: loss=0.5130, acc=0.7540, lr=0.001000
Epoch 2, Iter 1650: loss=0.5089, acc=0.7679, lr=0.001000
Epoch 2, Iter 1700: loss=0.5085, acc=0.7601, lr=0.001000
Epoch 2/30: train_loss=0.5438, train_acc=0.7523, val_loss=0.4890, val_acc=0.7791
New best: fold1_best_epoch2_acc0.7791.pth
Epoch 3, Iter 50: loss=0.4910, acc=0.7769, lr=0.001000
Epoch 3, Iter 100: loss=0.5021, acc=0.7722, lr=0.001000
Epoch 3, Iter 150: loss=0.4687, acc=0.7856, lr=0.001000
Epoch 3, Iter 200: loss=0.5422, acc=0.7503, lr=0.001000
Epoch 3, Iter 250: loss=0.4738, acc=0.7919, lr=0.001000
Epoch 3, Iter 300: loss=0.5369, acc=0.7606, lr=0.001000
Epoch 3, Iter 350: loss=0.4778, acc=0.7745, lr=0.001000
Epoch 3, Iter 400: loss=0.5455, acc=0.7324, lr=0.001000
Epoch 3, Iter 450: loss=0.4257, acc=0.8067, lr=0.001000
Epoch 3, Iter 500: loss=0.5601, acc=0.7423, lr=0.001000
Epoch 3, Iter 550: loss=0.5389, acc=0.7682, lr=0.001000
Epoch 3, Iter 600: loss=0.4689, acc=0.7833, lr=0.001000
Epoch 3, Iter 650: loss=0.4294, acc=0.7903, lr=0.001000
Epoch 3, Iter 700: loss=0.5098, acc=0.7717, lr=0.001000
Epoch 3, Iter 750: loss=0.4760, acc=0.7996, lr=0.001000
Epoch 3, Iter 800: loss=0.4930, acc=0.7844, lr=0.001000
Epoch 3, Iter 850: loss=0.4863, acc=0.7941, lr=0.001000
Epoch 3, Iter 900: loss=0.4907, acc=0.7889, lr=0.001000
Epoch 3, Iter 950: loss=0.5025, acc=0.7663, lr=0.001000
Epoch 3, Iter 1000: loss=0.5025, acc=0.7857, lr=0.001000
Epoch 3, Iter 1050: loss=0.5549, acc=0.7552, lr=0.001000
Epoch 3, Iter 1100: loss=0.5184, acc=0.7641, lr=0.001000
Epoch 3, Iter 1150: loss=0.5443, acc=0.7717, lr=0.001000
Epoch 3, Iter 1200: loss=0.5028, acc=0.7794, lr=0.001000
Epoch 3, Iter 1250: loss=0.6083, acc=0.7312, lr=0.001000
Epoch 3, Iter 1300: loss=0.5396, acc=0.7871, lr=0.001000
Epoch 3, Iter 1350: loss=0.5261, acc=0.7648, lr=0.001000
Epoch 3, Iter 1400: loss=0.6108, acc=0.7258, lr=0.001000
Epoch 3, Iter 1450: loss=0.4778, acc=0.7913, lr=0.001000
Epoch 3, Iter 1500: loss=0.5761, acc=0.7295, lr=0.001000
Epoch 3, Iter 1550: loss=0.4619, acc=0.8049, lr=0.001000
Epoch 3, Iter 1600: loss=0.5133, acc=0.7620, lr=0.001000
Epoch 3, Iter 1650: loss=0.6113, acc=0.7154, lr=0.001000
Epoch 3, Iter 1700: loss=0.5441, acc=0.7477, lr=0.001000
Epoch 3/30: train_loss=0.5253, train_acc=0.7625, val_loss=0.4949, val_acc=0.7743
Epoch 4, Iter 50: loss=0.4616, acc=0.8067, lr=0.001000
Epoch 4, Iter 100: loss=0.4434, acc=0.8208, lr=0.001000
Epoch 4, Iter 150: loss=0.5109, acc=0.7625, lr=0.001000
Epoch 4, Iter 200: loss=0.4797, acc=0.8123, lr=0.001000
Epoch 4, Iter 250: loss=0.4703, acc=0.7746, lr=0.001000
Epoch 4, Iter 300: loss=0.5683, acc=0.7559, lr=0.001000
Epoch 4, Iter 350: loss=0.5271, acc=0.7536, lr=0.001000
Epoch 4, Iter 400: loss=0.5948, acc=0.7407, lr=0.001000
Epoch 4, Iter 450: loss=0.5033, acc=0.7604, lr=0.001000
Epoch 4, Iter 500: loss=0.4959, acc=0.8013, lr=0.001000
Epoch 4, Iter 550: loss=0.4934, acc=0.7727, lr=0.001000
Epoch 4, Iter 600: loss=0.5119, acc=0.7802, lr=0.001000
Epoch 4, Iter 650: loss=0.5016, acc=0.7668, lr=0.001000
Epoch 4, Iter 700: loss=0.4657, acc=0.7934, lr=0.001000
Epoch 4, Iter 750: loss=0.4934, acc=0.8084, lr=0.001000
Epoch 4, Iter 800: loss=0.5347, acc=0.7656, lr=0.001000
Epoch 4, Iter 850: loss=0.5199, acc=0.7803, lr=0.001000
Epoch 4, Iter 900: loss=0.5562, acc=0.7386, lr=0.001000
Epoch 4, Iter 950: loss=0.5228, acc=0.7350, lr=0.001000
Epoch 4, Iter 1000: loss=0.4846, acc=0.8001, lr=0.001000
Epoch 4, Iter 1050: loss=0.5468, acc=0.7466, lr=0.001000
Epoch 4, Iter 1100: loss=0.5287, acc=0.7630, lr=0.001000
Epoch 4, Iter 1150: loss=0.5025, acc=0.7710, lr=0.001000
Epoch 4, Iter 1200: loss=0.5532, acc=0.7427, lr=0.001000
Epoch 4, Iter 1250: loss=0.5154, acc=0.7624, lr=0.001000
Epoch 4, Iter 1300: loss=0.4504, acc=0.7870, lr=0.001000
Epoch 4, Iter 1350: loss=0.5186, acc=0.7325, lr=0.001000
Epoch 4, Iter 1400: loss=0.4313, acc=0.7989, lr=0.001000
Epoch 4, Iter 1450: loss=0.4283, acc=0.8139, lr=0.001000
Epoch 4, Iter 1500: loss=0.5479, acc=0.7814, lr=0.001000
Epoch 4, Iter 1550: loss=0.5136, acc=0.7807, lr=0.001000
Epoch 4, Iter 1600: loss=0.4803, acc=0.7654, lr=0.001000
Epoch 4, Iter 1650: loss=0.5448, acc=0.7494, lr=0.001000
Epoch 4, Iter 1700: loss=0.5437, acc=0.7556, lr=0.001000
Epoch 4/30: train_loss=0.5131, train_acc=0.7686, val_loss=0.4743, val_acc=0.7885
New best: fold1_best_epoch4_acc0.7885.pth
Epoch 5, Iter 50: loss=0.4846, acc=0.7763, lr=0.001000
Epoch 5, Iter 100: loss=0.5125, acc=0.7584, lr=0.001000
Epoch 5, Iter 150: loss=0.4768, acc=0.7704, lr=0.001000
Epoch 5, Iter 200: loss=0.6165, acc=0.7267, lr=0.001000
Epoch 5, Iter 250: loss=0.4735, acc=0.8075, lr=0.001000
Epoch 5, Iter 300: loss=0.5211, acc=0.7472, lr=0.001000
Epoch 5, Iter 350: loss=0.5136, acc=0.7672, lr=0.001000
Epoch 5, Iter 400: loss=0.4860, acc=0.7907, lr=0.001000
Epoch 5, Iter 450: loss=0.5210, acc=0.7478, lr=0.001000
Epoch 5, Iter 500: loss=0.4841, acc=0.7530, lr=0.001000
Epoch 5, Iter 550: loss=0.4807, acc=0.7642, lr=0.001000
Epoch 5, Iter 600: loss=0.4961, acc=0.7869, lr=0.001000
Epoch 5, Iter 650: loss=0.5010, acc=0.7848, lr=0.001000
Epoch 5, Iter 700: loss=0.5057, acc=0.7694, lr=0.001000
Epoch 5, Iter 750: loss=0.5254, acc=0.7581, lr=0.001000
Epoch 5, Iter 800: loss=0.4463, acc=0.7886, lr=0.001000
Epoch 5, Iter 850: loss=0.5014, acc=0.7826, lr=0.001000
Epoch 5, Iter 900: loss=0.5122, acc=0.7569, lr=0.001000
Epoch 5, Iter 950: loss=0.4864, acc=0.7638, lr=0.001000
Epoch 5, Iter 1000: loss=0.5382, acc=0.7462, lr=0.001000
Epoch 5, Iter 1050: loss=0.4426, acc=0.8100, lr=0.001000
Epoch 5, Iter 1100: loss=0.5290, acc=0.7659, lr=0.001000
Epoch 5, Iter 1150: loss=0.4520, acc=0.8036, lr=0.001000
Epoch 5, Iter 1200: loss=0.5310, acc=0.7618, lr=0.001000
Epoch 5, Iter 1250: loss=0.4851, acc=0.7887, lr=0.001000
Epoch 5, Iter 1300: loss=0.5321, acc=0.7621, lr=0.001000
Epoch 5, Iter 1350: loss=0.4884, acc=0.7668, lr=0.001000
Epoch 5, Iter 1400: loss=0.4674, acc=0.7791, lr=0.001000
Epoch 5, Iter 1450: loss=0.5269, acc=0.7578, lr=0.001000
Epoch 5, Iter 1500: loss=0.4715, acc=0.7754, lr=0.001000
Epoch 5, Iter 1550: loss=0.5162, acc=0.7650, lr=0.001000
Epoch 5, Iter 1600: loss=0.4811, acc=0.7854, lr=0.001000
Epoch 5, Iter 1650: loss=0.5074, acc=0.7386, lr=0.001000
Epoch 5, Iter 1700: loss=0.5061, acc=0.7552, lr=0.001000
Epoch 5/30: train_loss=0.5033, train_acc=0.7741, val_loss=0.4717, val_acc=0.7885
Epoch 6, Iter 50: loss=0.4898, acc=0.8051, lr=0.001000
Epoch 6, Iter 100: loss=0.5505, acc=0.7579, lr=0.001000
Epoch 6, Iter 150: loss=0.4554, acc=0.8103, lr=0.001000
Epoch 6, Iter 200: loss=0.5329, acc=0.7432, lr=0.001000
Epoch 6, Iter 250: loss=0.5695, acc=0.7355, lr=0.001000
Epoch 6, Iter 300: loss=0.5028, acc=0.7517, lr=0.001000
Epoch 6, Iter 350: loss=0.5621, acc=0.7497, lr=0.001000
Epoch 6, Iter 400: loss=0.4849, acc=0.7798, lr=0.001000
Epoch 6, Iter 450: loss=0.4764, acc=0.7897, lr=0.001000
Epoch 6, Iter 500: loss=0.4702, acc=0.8220, lr=0.001000
Epoch 6, Iter 550: loss=0.4661, acc=0.7828, lr=0.001000
Epoch 6, Iter 600: loss=0.4606, acc=0.7936, lr=0.001000
Epoch 6, Iter 650: loss=0.4450, acc=0.8124, lr=0.001000
Epoch 6, Iter 700: loss=0.5367, acc=0.7542, lr=0.001000
Epoch 6, Iter 750: loss=0.4979, acc=0.7587, lr=0.001000
Epoch 6, Iter 800: loss=0.5179, acc=0.7566, lr=0.001000
Epoch 6, Iter 850: loss=0.5019, acc=0.7826, lr=0.001000
Epoch 6, Iter 900: loss=0.4628, acc=0.8198, lr=0.001000
Epoch 6, Iter 950: loss=0.5967, acc=0.7049, lr=0.001000
Epoch 6, Iter 1000: loss=0.4977, acc=0.7501, lr=0.001000
Epoch 6, Iter 1050: loss=0.5014, acc=0.7798, lr=0.001000
Epoch 6, Iter 1100: loss=0.5076, acc=0.7945, lr=0.001000
Epoch 6, Iter 1150: loss=0.5427, acc=0.7484, lr=0.001000
Epoch 6, Iter 1200: loss=0.4620, acc=0.8160, lr=0.001000
Epoch 6, Iter 1250: loss=0.4750, acc=0.7923, lr=0.001000
Epoch 6, Iter 1300: loss=0.4936, acc=0.7630, lr=0.001000
Epoch 6, Iter 1350: loss=0.5552, acc=0.7494, lr=0.001000
Epoch 6, Iter 1400: loss=0.5463, acc=0.7553, lr=0.001000
Epoch 6, Iter 1450: loss=0.4879, acc=0.7885, lr=0.001000
Epoch 6, Iter 1500: loss=0.5279, acc=0.7730, lr=0.001000
Epoch 6, Iter 1550: loss=0.5167, acc=0.7630, lr=0.001000
Epoch 6, Iter 1600: loss=0.4383, acc=0.7920, lr=0.001000
Epoch 6, Iter 1650: loss=0.5804, acc=0.7397, lr=0.001000
Epoch 6, Iter 1700: loss=0.5230, acc=0.7438, lr=0.001000
Epoch 6/30: train_loss=0.4938, train_acc=0.7794, val_loss=0.4651, val_acc=0.7888
New best: fold1_best_epoch6_acc0.7888.pth
Epoch 7, Iter 50: loss=0.5299, acc=0.7647, lr=0.001000
Epoch 7, Iter 100: loss=0.4036, acc=0.8120, lr=0.001000
Epoch 7, Iter 150: loss=0.4667, acc=0.7827, lr=0.001000
Epoch 7, Iter 200: loss=0.4986, acc=0.7567, lr=0.001000
Epoch 7, Iter 250: loss=0.5239, acc=0.7488, lr=0.001000
Epoch 7, Iter 300: loss=0.5256, acc=0.7691, lr=0.001000
Epoch 7, Iter 350: loss=0.4356, acc=0.8090, lr=0.001000
Epoch 7, Iter 400: loss=0.5125, acc=0.7654, lr=0.001000
Epoch 7, Iter 450: loss=0.4832, acc=0.7865, lr=0.001000
Epoch 7, Iter 500: loss=0.4389, acc=0.7883, lr=0.001000
Epoch 7, Iter 550: loss=0.4727, acc=0.7691, lr=0.001000
Epoch 7, Iter 600: loss=0.5053, acc=0.7798, lr=0.001000
Epoch 7, Iter 650: loss=0.4762, acc=0.7964, lr=0.001000
Epoch 7, Iter 700: loss=0.5082, acc=0.7959, lr=0.001000
Epoch 7, Iter 750: loss=0.5008, acc=0.7706, lr=0.001000
Epoch 7, Iter 800: loss=0.4517, acc=0.7875, lr=0.001000
Epoch 7, Iter 850: loss=0.3986, acc=0.8242, lr=0.001000
Epoch 7, Iter 900: loss=0.4910, acc=0.7738, lr=0.001000
Epoch 7, Iter 950: loss=0.4664, acc=0.7809, lr=0.001000
Epoch 7, Iter 1000: loss=0.4691, acc=0.7920, lr=0.001000
Epoch 7, Iter 1050: loss=0.4320, acc=0.8311, lr=0.001000
Epoch 7, Iter 1100: loss=0.4399, acc=0.8067, lr=0.001000
Epoch 7, Iter 1150: loss=0.4465, acc=0.8099, lr=0.001000
Epoch 7, Iter 1200: loss=0.4789, acc=0.7941, lr=0.001000
Epoch 7, Iter 1250: loss=0.5269, acc=0.7507, lr=0.001000
Epoch 7, Iter 1300: loss=0.5463, acc=0.7726, lr=0.001000
Epoch 7, Iter 1350: loss=0.4821, acc=0.7593, lr=0.001000
Epoch 7, Iter 1400: loss=0.4752, acc=0.8017, lr=0.001000
Epoch 7, Iter 1450: loss=0.5161, acc=0.7793, lr=0.001000
Epoch 7, Iter 1500: loss=0.4315, acc=0.7879, lr=0.001000
Epoch 7, Iter 1550: loss=0.4976, acc=0.7778, lr=0.001000
Epoch 7, Iter 1600: loss=0.3962, acc=0.8378, lr=0.001000
Epoch 7, Iter 1650: loss=0.4959, acc=0.8092, lr=0.001000
Epoch 7, Iter 1700: loss=0.4172, acc=0.8296, lr=0.001000
Epoch 7/30: train_loss=0.4854, train_acc=0.7838, val_loss=0.4577, val_acc=0.7961
New best: fold1_best_epoch7_acc0.7961.pth
Epoch 8, Iter 50: loss=0.4300, acc=0.8074, lr=0.001000
Epoch 8, Iter 100: loss=0.4312, acc=0.8100, lr=0.001000
Epoch 8, Iter 150: loss=0.4816, acc=0.7796, lr=0.001000
Epoch 8, Iter 200: loss=0.4477, acc=0.8001, lr=0.001000
Epoch 8, Iter 250: loss=0.4730, acc=0.8093, lr=0.001000
Epoch 8, Iter 300: loss=0.5020, acc=0.7653, lr=0.001000
Epoch 8, Iter 350: loss=0.4383, acc=0.7823, lr=0.001000
Epoch 8, Iter 400: loss=0.5135, acc=0.7844, lr=0.001000
Epoch 8, Iter 450: loss=0.4593, acc=0.8151, lr=0.001000
Epoch 8, Iter 500: loss=0.5008, acc=0.7551, lr=0.001000
Epoch 8, Iter 550: loss=0.5165, acc=0.7803, lr=0.001000
Epoch 8, Iter 600: loss=0.5113, acc=0.7947, lr=0.001000
Epoch 8, Iter 650: loss=0.5142, acc=0.7738, lr=0.001000
Epoch 8, Iter 700: loss=0.5497, acc=0.7489, lr=0.001000
Epoch 8, Iter 750: loss=0.4639, acc=0.7987, lr=0.001000
Epoch 8, Iter 800: loss=0.5200, acc=0.7539, lr=0.001000
Epoch 8, Iter 850: loss=0.5463, acc=0.7302, lr=0.001000
Epoch 8, Iter 900: loss=0.4637, acc=0.7997, lr=0.001000
Epoch 8, Iter 950: loss=0.5277, acc=0.7927, lr=0.001000
Epoch 8, Iter 1000: loss=0.4961, acc=0.7757, lr=0.001000
Epoch 8, Iter 1050: loss=0.4618, acc=0.7683, lr=0.001000
Epoch 8, Iter 1100: loss=0.4541, acc=0.8066, lr=0.001000
Epoch 8, Iter 1150: loss=0.3844, acc=0.8430, lr=0.001000
Epoch 8, Iter 1200: loss=0.4156, acc=0.8121, lr=0.001000
Epoch 8, Iter 1250: loss=0.5053, acc=0.7841, lr=0.001000
Epoch 8, Iter 1300: loss=0.5331, acc=0.7761, lr=0.001000
Epoch 8, Iter 1350: loss=0.5877, acc=0.7368, lr=0.001000
Epoch 8, Iter 1400: loss=0.5001, acc=0.7937, lr=0.001000
Epoch 8, Iter 1450: loss=0.4118, acc=0.8222, lr=0.001000
Epoch 8, Iter 1500: loss=0.4521, acc=0.8011, lr=0.001000
Epoch 8, Iter 1550: loss=0.4592, acc=0.7820, lr=0.001000
Epoch 8, Iter 1600: loss=0.4336, acc=0.7990, lr=0.001000
Epoch 8, Iter 1650: loss=0.4331, acc=0.7981, lr=0.001000
Epoch 8, Iter 1700: loss=0.4966, acc=0.7611, lr=0.001000
Epoch 8/30: train_loss=0.4758, train_acc=0.7896, val_loss=0.4440, val_acc=0.8050
New best: fold1_best_epoch8_acc0.8050.pth
Epoch 9, Iter 50: loss=0.4623, acc=0.7937, lr=0.001000
Epoch 9, Iter 100: loss=0.4400, acc=0.8240, lr=0.001000
Epoch 9, Iter 150: loss=0.5030, acc=0.7719, lr=0.001000
Epoch 9, Iter 200: loss=0.4510, acc=0.8045, lr=0.001000
Epoch 9, Iter 250: loss=0.4609, acc=0.7837, lr=0.001000
Epoch 9, Iter 300: loss=0.4751, acc=0.7897, lr=0.001000
Epoch 9, Iter 350: loss=0.4662, acc=0.8122, lr=0.001000
Epoch 9, Iter 400: loss=0.4481, acc=0.8312, lr=0.001000
Epoch 9, Iter 450: loss=0.5353, acc=0.7477, lr=0.001000
Epoch 9, Iter 500: loss=0.4412, acc=0.8106, lr=0.001000
Epoch 9, Iter 550: loss=0.3670, acc=0.8521, lr=0.001000
Epoch 9, Iter 600: loss=0.5093, acc=0.7533, lr=0.001000
Epoch 9, Iter 650: loss=0.5487, acc=0.7805, lr=0.001000
Epoch 9, Iter 700: loss=0.4245, acc=0.8152, lr=0.001000
Epoch 9, Iter 750: loss=0.4554, acc=0.8165, lr=0.001000
Epoch 9, Iter 800: loss=0.4403, acc=0.7950, lr=0.001000
Epoch 9, Iter 850: loss=0.4856, acc=0.7886, lr=0.001000
Epoch 9, Iter 900: loss=0.5180, acc=0.7591, lr=0.001000
Epoch 9, Iter 950: loss=0.5178, acc=0.7600, lr=0.001000
Epoch 9, Iter 1000: loss=0.4696, acc=0.7927, lr=0.001000
Epoch 9, Iter 1050: loss=0.4224, acc=0.8050, lr=0.001000
Epoch 9, Iter 1100: loss=0.4417, acc=0.8024, lr=0.001000
Epoch 9, Iter 1150: loss=0.4709, acc=0.8145, lr=0.001000
Epoch 9, Iter 1200: loss=0.4575, acc=0.8181, lr=0.001000
Epoch 9, Iter 1250: loss=0.4593, acc=0.7851, lr=0.001000
Epoch 9, Iter 1300: loss=0.4571, acc=0.7871, lr=0.001000
Epoch 9, Iter 1350: loss=0.5257, acc=0.7645, lr=0.001000
Epoch 9, Iter 1400: loss=0.4406, acc=0.8327, lr=0.001000
Epoch 9, Iter 1450: loss=0.4803, acc=0.7733, lr=0.001000
Epoch 9, Iter 1500: loss=0.4042, acc=0.8219, lr=0.001000
Epoch 9, Iter 1550: loss=0.4580, acc=0.8204, lr=0.001000
Epoch 9, Iter 1600: loss=0.4786, acc=0.7715, lr=0.001000
Epoch 9, Iter 1650: loss=0.4798, acc=0.8002, lr=0.001000
Epoch 9, Iter 1700: loss=0.4456, acc=0.8181, lr=0.001000
Epoch 9/30: train_loss=0.4635, train_acc=0.7977, val_loss=0.4350, val_acc=0.8095
New best: fold1_best_epoch9_acc0.8095.pth
Epoch 10, Iter 50: loss=0.4945, acc=0.7736, lr=0.001000
Epoch 10, Iter 100: loss=0.4977, acc=0.7949, lr=0.001000
Epoch 10, Iter 150: loss=0.4250, acc=0.8271, lr=0.001000
Epoch 10, Iter 200: loss=0.4502, acc=0.8030, lr=0.001000
Epoch 10, Iter 250: loss=0.4487, acc=0.8364, lr=0.001000
Epoch 10, Iter 300: loss=0.4008, acc=0.8194, lr=0.001000
Epoch 10, Iter 350: loss=0.4249, acc=0.8386, lr=0.001000
Epoch 10, Iter 400: loss=0.4497, acc=0.7980, lr=0.001000
Epoch 10, Iter 450: loss=0.4415, acc=0.8183, lr=0.001000
Epoch 10, Iter 500: loss=0.4587, acc=0.8265, lr=0.001000
Epoch 10, Iter 550: loss=0.4310, acc=0.8194, lr=0.001000
Epoch 10, Iter 600: loss=0.4602, acc=0.8124, lr=0.001000
Epoch 10, Iter 650: loss=0.5096, acc=0.7957, lr=0.001000
Epoch 10, Iter 700: loss=0.4322, acc=0.8107, lr=0.001000
Epoch 10, Iter 750: loss=0.4167, acc=0.8193, lr=0.001000
Epoch 10, Iter 800: loss=0.4142, acc=0.8523, lr=0.001000
Epoch 10, Iter 850: loss=0.5361, acc=0.7653, lr=0.001000
Epoch 10, Iter 900: loss=0.4411, acc=0.8114, lr=0.001000
Epoch 10, Iter 950: loss=0.4169, acc=0.8193, lr=0.001000
Epoch 10, Iter 1000: loss=0.3831, acc=0.8518, lr=0.001000
Epoch 10, Iter 1050: loss=0.3878, acc=0.8418, lr=0.001000
Epoch 10, Iter 1100: loss=0.5497, acc=0.7767, lr=0.001000
Epoch 10, Iter 1150: loss=0.4221, acc=0.8133, lr=0.001000
Epoch 10, Iter 1200: loss=0.3940, acc=0.8369, lr=0.001000
Epoch 10, Iter 1250: loss=0.4587, acc=0.8040, lr=0.001000
Epoch 10, Iter 1300: loss=0.4440, acc=0.8156, lr=0.001000
Epoch 10, Iter 1350: loss=0.4706, acc=0.8097, lr=0.001000
Epoch 10, Iter 1400: loss=0.5028, acc=0.7624, lr=0.001000
Epoch 10, Iter 1450: loss=0.4076, acc=0.8381, lr=0.001000
Epoch 10, Iter 1500: loss=0.4694, acc=0.8157, lr=0.001000
Epoch 10, Iter 1550: loss=0.4496, acc=0.8072, lr=0.001000
Epoch 10, Iter 1600: loss=0.4059, acc=0.8210, lr=0.001000
Epoch 10, Iter 1650: loss=0.4137, acc=0.8364, lr=0.001000
Epoch 10, Iter 1700: loss=0.4492, acc=0.8120, lr=0.001000
Epoch 10/30: train_loss=0.4484, train_acc=0.8078, val_loss=0.4203, val_acc=0.8180
Saved: D:\buaa_study\research\vi-fi\my_vifi\checkpoints_strict\full\fold1_epoch10.pth
New best: fold1_best_epoch10_acc0.8180.pth
Epoch 11, Iter 50: loss=0.4403, acc=0.8275, lr=0.001000
Epoch 11, Iter 100: loss=0.4864, acc=0.8140, lr=0.001000
Epoch 11, Iter 150: loss=0.4529, acc=0.7989, lr=0.001000
Epoch 11, Iter 200: loss=0.4231, acc=0.8327, lr=0.001000
Epoch 11, Iter 250: loss=0.4866, acc=0.7840, lr=0.001000
Epoch 11, Iter 300: loss=0.4964, acc=0.7924, lr=0.001000
Epoch 11, Iter 350: loss=0.4112, acc=0.8477, lr=0.001000
Epoch 11, Iter 400: loss=0.4296, acc=0.8247, lr=0.001000
Epoch 11, Iter 450: loss=0.4157, acc=0.8303, lr=0.001000
Epoch 11, Iter 500: loss=0.4080, acc=0.8292, lr=0.001000
Epoch 11, Iter 550: loss=0.4504, acc=0.7991, lr=0.001000
Epoch 11, Iter 600: loss=0.4444, acc=0.8156, lr=0.001000
Epoch 11, Iter 650: loss=0.4603, acc=0.8252, lr=0.001000
Epoch 11, Iter 700: loss=0.4370, acc=0.8024, lr=0.001000
Epoch 11, Iter 750: loss=0.4228, acc=0.8359, lr=0.001000
Epoch 11, Iter 800: loss=0.5853, acc=0.7504, lr=0.001000
Epoch 11, Iter 850: loss=0.4285, acc=0.8153, lr=0.001000
Epoch 11, Iter 900: loss=0.3973, acc=0.8464, lr=0.001000
Epoch 11, Iter 950: loss=0.4402, acc=0.8226, lr=0.001000
Epoch 11, Iter 1000: loss=0.4330, acc=0.8151, lr=0.001000
Epoch 11, Iter 1050: loss=0.3917, acc=0.8432, lr=0.001000
Epoch 11, Iter 1100: loss=0.3689, acc=0.8465, lr=0.001000
Epoch 11, Iter 1150: loss=0.4427, acc=0.8076, lr=0.001000
Epoch 11, Iter 1200: loss=0.3684, acc=0.8556, lr=0.001000
Epoch 11, Iter 1250: loss=0.4573, acc=0.8159, lr=0.001000
Epoch 11, Iter 1300: loss=0.4461, acc=0.8148, lr=0.001000
Epoch 11, Iter 1350: loss=0.4014, acc=0.8418, lr=0.001000
Epoch 11, Iter 1400: loss=0.4372, acc=0.8135, lr=0.001000
Epoch 11, Iter 1450: loss=0.5045, acc=0.7990, lr=0.001000
Epoch 11, Iter 1500: loss=0.5219, acc=0.7811, lr=0.001000
Epoch 11, Iter 1550: loss=0.3655, acc=0.8681, lr=0.001000
Epoch 11, Iter 1600: loss=0.4746, acc=0.8009, lr=0.001000
Epoch 11, Iter 1650: loss=0.4074, acc=0.8199, lr=0.001000
Epoch 11, Iter 1700: loss=0.4661, acc=0.8065, lr=0.001000
Epoch 11/30: train_loss=0.4335, train_acc=0.8175, val_loss=0.4200, val_acc=0.8205
New best: fold1_best_epoch11_acc0.8205.pth
Epoch 12, Iter 50: loss=0.4548, acc=0.8054, lr=0.001000
Epoch 12, Iter 100: loss=0.3743, acc=0.8343, lr=0.001000
Epoch 12, Iter 150: loss=0.4841, acc=0.7912, lr=0.001000
Epoch 12, Iter 200: loss=0.4327, acc=0.8272, lr=0.001000
Epoch 12, Iter 250: loss=0.4484, acc=0.8169, lr=0.001000
Epoch 12, Iter 300: loss=0.4241, acc=0.8283, lr=0.001000
Epoch 12, Iter 350: loss=0.4337, acc=0.8172, lr=0.001000
Epoch 12, Iter 400: loss=0.4801, acc=0.7930, lr=0.001000
Epoch 12, Iter 450: loss=0.4259, acc=0.8131, lr=0.001000
Epoch 12, Iter 500: loss=0.4510, acc=0.8060, lr=0.001000
Epoch 12, Iter 550: loss=0.4008, acc=0.8314, lr=0.001000
Epoch 12, Iter 600: loss=0.4672, acc=0.8079, lr=0.001000
Epoch 12, Iter 650: loss=0.3679, acc=0.8430, lr=0.001000
Epoch 12, Iter 700: loss=0.4593, acc=0.8145, lr=0.001000
Epoch 12, Iter 750: loss=0.4049, acc=0.8242, lr=0.001000
Epoch 12, Iter 800: loss=0.4010, acc=0.8324, lr=0.001000
Epoch 12, Iter 850: loss=0.4145, acc=0.8214, lr=0.001000
Epoch 12, Iter 900: loss=0.4260, acc=0.8256, lr=0.001000
Epoch 12, Iter 950: loss=0.4579, acc=0.8098, lr=0.001000
Epoch 12, Iter 1000: loss=0.3746, acc=0.8533, lr=0.001000
Epoch 12, Iter 1050: loss=0.3878, acc=0.8395, lr=0.001000
Epoch 12, Iter 1100: loss=0.4267, acc=0.8308, lr=0.001000
Epoch 12, Iter 1150: loss=0.3205, acc=0.8670, lr=0.001000
Epoch 12, Iter 1200: loss=0.4362, acc=0.8130, lr=0.001000
Epoch 12, Iter 1250: loss=0.5378, acc=0.7703, lr=0.001000
Epoch 12, Iter 1300: loss=0.4465, acc=0.8077, lr=0.001000
Epoch 12, Iter 1350: loss=0.4057, acc=0.8223, lr=0.001000
Epoch 12, Iter 1400: loss=0.3371, acc=0.8651, lr=0.001000
Epoch 12, Iter 1450: loss=0.3850, acc=0.8596, lr=0.001000
Epoch 12, Iter 1500: loss=0.3810, acc=0.8413, lr=0.001000
Epoch 12, Iter 1550: loss=0.3921, acc=0.8409, lr=0.001000
Epoch 12, Iter 1600: loss=0.4517, acc=0.8185, lr=0.001000
Epoch 12, Iter 1650: loss=0.4518, acc=0.8155, lr=0.001000
Epoch 12, Iter 1700: loss=0.4164, acc=0.8406, lr=0.001000
Epoch 12/30: train_loss=0.4209, train_acc=0.8256, val_loss=0.4082, val_acc=0.8216
New best: fold1_best_epoch12_acc0.8216.pth
Epoch 13, Iter 50: loss=0.3965, acc=0.8524, lr=0.001000
Epoch 13, Iter 100: loss=0.4524, acc=0.8206, lr=0.001000
Epoch 13, Iter 150: loss=0.3753, acc=0.8547, lr=0.001000
Epoch 13, Iter 200: loss=0.4021, acc=0.8330, lr=0.001000
Epoch 13, Iter 250: loss=0.4178, acc=0.8238, lr=0.001000
Epoch 13, Iter 300: loss=0.3977, acc=0.8605, lr=0.001000
Epoch 13, Iter 350: loss=0.3771, acc=0.8590, lr=0.001000
Epoch 13, Iter 400: loss=0.4646, acc=0.8137, lr=0.001000
Epoch 13, Iter 450: loss=0.3977, acc=0.8435, lr=0.001000
Epoch 13, Iter 500: loss=0.4194, acc=0.8405, lr=0.001000
Epoch 13, Iter 550: loss=0.3531, acc=0.8763, lr=0.001000
Epoch 13, Iter 600: loss=0.3685, acc=0.8540, lr=0.001000
Epoch 13, Iter 650: loss=0.4310, acc=0.8313, lr=0.001000
Epoch 13, Iter 700: loss=0.4324, acc=0.8208, lr=0.001000
Epoch 13, Iter 750: loss=0.4258, acc=0.8117, lr=0.001000
Epoch 13, Iter 800: loss=0.4496, acc=0.7914, lr=0.001000
Epoch 13, Iter 850: loss=0.4140, acc=0.8313, lr=0.001000
Epoch 13, Iter 900: loss=0.4235, acc=0.8542, lr=0.001000
Epoch 13, Iter 950: loss=0.4683, acc=0.8176, lr=0.001000
Epoch 13, Iter 1000: loss=0.3927, acc=0.8689, lr=0.001000
Epoch 13, Iter 1050: loss=0.4020, acc=0.8349, lr=0.001000
Epoch 13, Iter 1100: loss=0.4067, acc=0.8238, lr=0.001000
Epoch 13, Iter 1150: loss=0.3876, acc=0.8522, lr=0.001000
Epoch 13, Iter 1200: loss=0.3554, acc=0.8672, lr=0.001000
Epoch 13, Iter 1250: loss=0.3803, acc=0.8485, lr=0.001000
Epoch 13, Iter 1300: loss=0.4932, acc=0.7886, lr=0.001000
Epoch 13, Iter 1350: loss=0.3990, acc=0.8475, lr=0.001000
Epoch 13, Iter 1400: loss=0.3847, acc=0.8252, lr=0.001000
Epoch 13, Iter 1450: loss=0.4580, acc=0.8052, lr=0.001000
Epoch 13, Iter 1500: loss=0.3935, acc=0.8306, lr=0.001000
Epoch 13, Iter 1550: loss=0.4673, acc=0.7998, lr=0.001000
Epoch 13, Iter 1600: loss=0.4697, acc=0.7801, lr=0.001000
Epoch 13, Iter 1650: loss=0.4384, acc=0.8085, lr=0.001000
Epoch 13, Iter 1700: loss=0.4027, acc=0.8175, lr=0.001000
Epoch 13/30: train_loss=0.4111, train_acc=0.8313, val_loss=0.3873, val_acc=0.8357
New best: fold1_best_epoch13_acc0.8357.pth
Epoch 14, Iter 50: loss=0.4875, acc=0.8158, lr=0.001000
Epoch 14, Iter 100: loss=0.4429, acc=0.8086, lr=0.001000
Epoch 14, Iter 150: loss=0.4835, acc=0.8096, lr=0.001000
Epoch 14, Iter 200: loss=0.4316, acc=0.8104, lr=0.001000
Epoch 14, Iter 250: loss=0.3499, acc=0.8445, lr=0.001000
Epoch 14, Iter 300: loss=0.4081, acc=0.8332, lr=0.001000
Epoch 14, Iter 350: loss=0.3735, acc=0.8485, lr=0.001000
Epoch 14, Iter 400: loss=0.4024, acc=0.8358, lr=0.001000
Epoch 14, Iter 450: loss=0.4164, acc=0.8214, lr=0.001000
Epoch 14, Iter 500: loss=0.4367, acc=0.8053, lr=0.001000
Epoch 14, Iter 550: loss=0.4144, acc=0.8494, lr=0.001000
Epoch 14, Iter 600: loss=0.4121, acc=0.8512, lr=0.001000
Epoch 14, Iter 650: loss=0.3735, acc=0.8461, lr=0.001000
Epoch 14, Iter 700: loss=0.4681, acc=0.7989, lr=0.001000
Epoch 14, Iter 750: loss=0.3608, acc=0.8531, lr=0.001000
Epoch 14, Iter 800: loss=0.4241, acc=0.8153, lr=0.001000
Epoch 14, Iter 850: loss=0.3882, acc=0.8458, lr=0.001000
Epoch 14, Iter 900: loss=0.4056, acc=0.8505, lr=0.001000
Epoch 14, Iter 950: loss=0.4259, acc=0.8073, lr=0.001000
Epoch 14, Iter 1000: loss=0.3672, acc=0.8518, lr=0.001000
Epoch 14, Iter 1050: loss=0.3537, acc=0.8703, lr=0.001000
Epoch 14, Iter 1100: loss=0.3890, acc=0.8466, lr=0.001000
Epoch 14, Iter 1150: loss=0.4659, acc=0.8121, lr=0.001000
Epoch 14, Iter 1200: loss=0.3583, acc=0.8481, lr=0.001000
Epoch 14, Iter 1250: loss=0.3977, acc=0.8733, lr=0.001000
Epoch 14, Iter 1300: loss=0.4150, acc=0.8288, lr=0.001000
Epoch 14, Iter 1350: loss=0.3513, acc=0.8684, lr=0.001000
Epoch 14, Iter 1400: loss=0.4174, acc=0.8419, lr=0.001000
Epoch 14, Iter 1450: loss=0.3775, acc=0.8576, lr=0.001000
Epoch 14, Iter 1500: loss=0.3431, acc=0.8625, lr=0.001000
Epoch 14, Iter 1550: loss=0.3849, acc=0.8300, lr=0.001000
Epoch 14, Iter 1600: loss=0.4510, acc=0.8140, lr=0.001000
Epoch 14, Iter 1650: loss=0.3746, acc=0.8493, lr=0.001000
Epoch 14, Iter 1700: loss=0.4777, acc=0.7992, lr=0.001000
Epoch 14/30: train_loss=0.4026, train_acc=0.8364, val_loss=0.3885, val_acc=0.8353
Epoch 15, Iter 50: loss=0.3725, acc=0.8490, lr=0.001000
Epoch 15, Iter 100: loss=0.4470, acc=0.8214, lr=0.001000
Epoch 15, Iter 150: loss=0.3603, acc=0.8644, lr=0.001000
Epoch 15, Iter 200: loss=0.3772, acc=0.8574, lr=0.001000
Epoch 15, Iter 250: loss=0.3727, acc=0.8467, lr=0.001000
Epoch 15, Iter 300: loss=0.3672, acc=0.8460, lr=0.001000
Epoch 15, Iter 350: loss=0.3978, acc=0.8381, lr=0.001000
Epoch 15, Iter 400: loss=0.3778, acc=0.8522, lr=0.001000
Epoch 15, Iter 450: loss=0.4023, acc=0.8411, lr=0.001000
Epoch 15, Iter 500: loss=0.3323, acc=0.8507, lr=0.001000
Epoch 15, Iter 550: loss=0.4106, acc=0.8354, lr=0.001000
Epoch 15, Iter 600: loss=0.3792, acc=0.8592, lr=0.001000
Epoch 15, Iter 650: loss=0.3847, acc=0.8563, lr=0.001000
Epoch 15, Iter 700: loss=0.3329, acc=0.8815, lr=0.001000
Epoch 15, Iter 750: loss=0.3609, acc=0.8842, lr=0.001000
Epoch 15, Iter 800: loss=0.3939, acc=0.8522, lr=0.001000
Epoch 15, Iter 850: loss=0.4130, acc=0.8315, lr=0.001000
Epoch 15, Iter 900: loss=0.3918, acc=0.8189, lr=0.001000
Epoch 15, Iter 950: loss=0.3733, acc=0.8613, lr=0.001000
Epoch 15, Iter 1000: loss=0.3975, acc=0.8492, lr=0.001000
Epoch 15, Iter 1050: loss=0.3935, acc=0.8493, lr=0.001000
Epoch 15, Iter 1100: loss=0.3616, acc=0.8313, lr=0.001000
Epoch 15, Iter 1150: loss=0.3445, acc=0.8655, lr=0.001000
Epoch 15, Iter 1200: loss=0.3434, acc=0.8584, lr=0.001000
Epoch 15, Iter 1250: loss=0.3589, acc=0.8382, lr=0.001000
Epoch 15, Iter 1300: loss=0.4267, acc=0.8333, lr=0.001000
Epoch 15, Iter 1350: loss=0.4661, acc=0.8230, lr=0.001000
Epoch 15, Iter 1400: loss=0.4871, acc=0.7986, lr=0.001000
Epoch 15, Iter 1450: loss=0.3541, acc=0.8616, lr=0.001000
Epoch 15, Iter 1500: loss=0.4103, acc=0.8348, lr=0.001000
Epoch 15, Iter 1550: loss=0.3742, acc=0.8708, lr=0.001000
Epoch 15, Iter 1600: loss=0.4222, acc=0.8531, lr=0.001000
Epoch 15, Iter 1650: loss=0.3791, acc=0.8417, lr=0.001000
Epoch 15, Iter 1700: loss=0.4205, acc=0.8252, lr=0.001000
Epoch 15/30: train_loss=0.3967, train_acc=0.8398, val_loss=0.3817, val_acc=0.8392
New best: fold1_best_epoch15_acc0.8392.pth
Epoch 16, Iter 50: loss=0.4719, acc=0.8101, lr=0.000100
Epoch 16, Iter 100: loss=0.4038, acc=0.8155, lr=0.000100
Epoch 16, Iter 150: loss=0.3623, acc=0.8653, lr=0.000100
Epoch 16, Iter 200: loss=0.3699, acc=0.8638, lr=0.000100
Epoch 16, Iter 250: loss=0.3956, acc=0.8397, lr=0.000100
Epoch 16, Iter 300: loss=0.4277, acc=0.8123, lr=0.000100
Epoch 16, Iter 350: loss=0.3891, acc=0.8442, lr=0.000100
Epoch 16, Iter 400: loss=0.3874, acc=0.8449, lr=0.000100
Epoch 16, Iter 450: loss=0.4489, acc=0.8161, lr=0.000100
Epoch 16, Iter 500: loss=0.3862, acc=0.8457, lr=0.000100
Epoch 16, Iter 550: loss=0.3735, acc=0.8561, lr=0.000100
Epoch 16, Iter 600: loss=0.4156, acc=0.8328, lr=0.000100
Epoch 16, Iter 650: loss=0.3387, acc=0.8719, lr=0.000100
Epoch 16, Iter 700: loss=0.3231, acc=0.8681, lr=0.000100
Epoch 16, Iter 750: loss=0.3621, acc=0.8664, lr=0.000100
Epoch 16, Iter 800: loss=0.4060, acc=0.8601, lr=0.000100
Epoch 16, Iter 850: loss=0.4283, acc=0.8226, lr=0.000100
Epoch 16, Iter 900: loss=0.3707, acc=0.8786, lr=0.000100
Epoch 16, Iter 950: loss=0.4288, acc=0.8313, lr=0.000100
Epoch 16, Iter 1000: loss=0.3508, acc=0.8545, lr=0.000100
Epoch 16, Iter 1050: loss=0.3332, acc=0.8687, lr=0.000100
Epoch 16, Iter 1100: loss=0.4349, acc=0.8226, lr=0.000100
Epoch 16, Iter 1150: loss=0.3302, acc=0.8839, lr=0.000100
Epoch 16, Iter 1200: loss=0.4272, acc=0.8064, lr=0.000100
Epoch 16, Iter 1250: loss=0.3716, acc=0.8576, lr=0.000100
Epoch 16, Iter 1300: loss=0.3951, acc=0.8464, lr=0.000100
Epoch 16, Iter 1350: loss=0.3752, acc=0.8393, lr=0.000100
Epoch 16, Iter 1400: loss=0.3825, acc=0.8442, lr=0.000100
Epoch 16, Iter 1450: loss=0.3346, acc=0.8499, lr=0.000100
Epoch 16, Iter 1500: loss=0.4117, acc=0.8342, lr=0.000100
Epoch 16, Iter 1550: loss=0.4714, acc=0.8122, lr=0.000100
Epoch 16, Iter 1600: loss=0.3844, acc=0.8498, lr=0.000100
Epoch 16, Iter 1650: loss=0.3441, acc=0.8799, lr=0.000100
Epoch 16, Iter 1700: loss=0.4142, acc=0.8339, lr=0.000100
Epoch 16/30: train_loss=0.3829, train_acc=0.8480, val_loss=0.3662, val_acc=0.8488
New best: fold1_best_epoch16_acc0.8488.pth
Epoch 17, Iter 50: loss=0.4158, acc=0.8332, lr=0.000100
Epoch 17, Iter 100: loss=0.3938, acc=0.8461, lr=0.000100
Epoch 17, Iter 150: loss=0.4062, acc=0.8564, lr=0.000100
Epoch 17, Iter 200: loss=0.5111, acc=0.7890, lr=0.000100
Epoch 17, Iter 250: loss=0.4012, acc=0.8662, lr=0.000100
Epoch 17, Iter 300: loss=0.3960, acc=0.8300, lr=0.000100
Epoch 17, Iter 350: loss=0.3974, acc=0.8395, lr=0.000100
Epoch 17, Iter 400: loss=0.4073, acc=0.8420, lr=0.000100
Epoch 17, Iter 450: loss=0.3491, acc=0.8781, lr=0.000100
Epoch 17, Iter 500: loss=0.3390, acc=0.8771, lr=0.000100
Epoch 17, Iter 550: loss=0.3231, acc=0.8766, lr=0.000100
Epoch 17, Iter 600: loss=0.4149, acc=0.8634, lr=0.000100
Epoch 17, Iter 650: loss=0.3879, acc=0.8467, lr=0.000100
Epoch 17, Iter 700: loss=0.3915, acc=0.8454, lr=0.000100
Epoch 17, Iter 750: loss=0.3328, acc=0.8630, lr=0.000100
Epoch 17, Iter 800: loss=0.4722, acc=0.8213, lr=0.000100
Epoch 17, Iter 850: loss=0.3458, acc=0.8619, lr=0.000100
Epoch 17, Iter 900: loss=0.3802, acc=0.8511, lr=0.000100
Epoch 17, Iter 950: loss=0.3966, acc=0.8436, lr=0.000100
Epoch 17, Iter 1000: loss=0.4095, acc=0.8179, lr=0.000100
Epoch 17, Iter 1050: loss=0.4279, acc=0.8274, lr=0.000100
Epoch 17, Iter 1100: loss=0.3680, acc=0.8514, lr=0.000100
Epoch 17, Iter 1150: loss=0.4315, acc=0.8267, lr=0.000100
Epoch 17, Iter 1200: loss=0.3270, acc=0.8817, lr=0.000100
Epoch 17, Iter 1250: loss=0.4112, acc=0.8330, lr=0.000100
Epoch 17, Iter 1300: loss=0.3231, acc=0.8643, lr=0.000100
Epoch 17, Iter 1350: loss=0.3458, acc=0.8707, lr=0.000100
Epoch 17, Iter 1400: loss=0.4572, acc=0.8261, lr=0.000100
Epoch 17, Iter 1450: loss=0.3955, acc=0.8557, lr=0.000100
Epoch 17, Iter 1500: loss=0.3926, acc=0.8334, lr=0.000100
Epoch 17, Iter 1550: loss=0.3352, acc=0.8728, lr=0.000100
Epoch 17, Iter 1600: loss=0.3211, acc=0.8727, lr=0.000100
Epoch 17, Iter 1650: loss=0.2915, acc=0.8880, lr=0.000100
Epoch 17, Iter 1700: loss=0.4119, acc=0.8064, lr=0.000100
Epoch 17/30: train_loss=0.3811, train_acc=0.8497, val_loss=0.3608, val_acc=0.8525
New best: fold1_best_epoch17_acc0.8525.pth
Epoch 18, Iter 50: loss=0.3741, acc=0.8677, lr=0.000100
Epoch 18, Iter 100: loss=0.4037, acc=0.8281, lr=0.000100
Epoch 18, Iter 150: loss=0.3832, acc=0.8547, lr=0.000100
Epoch 18, Iter 200: loss=0.3801, acc=0.8557, lr=0.000100
Epoch 18, Iter 250: loss=0.3379, acc=0.8569, lr=0.000100
Epoch 18, Iter 300: loss=0.4453, acc=0.8318, lr=0.000100
Epoch 18, Iter 350: loss=0.4313, acc=0.8261, lr=0.000100
Epoch 18, Iter 400: loss=0.4242, acc=0.8474, lr=0.000100
Epoch 18, Iter 450: loss=0.3082, acc=0.8964, lr=0.000100
Epoch 18, Iter 500: loss=0.4276, acc=0.8200, lr=0.000100
Epoch 18, Iter 550: loss=0.3383, acc=0.8713, lr=0.000100
Epoch 18, Iter 600: loss=0.3698, acc=0.8413, lr=0.000100
Epoch 18, Iter 650: loss=0.4267, acc=0.8138, lr=0.000100
Epoch 18, Iter 700: loss=0.3648, acc=0.8871, lr=0.000100
Epoch 18, Iter 750: loss=0.4237, acc=0.8467, lr=0.000100
Epoch 18, Iter 800: loss=0.3329, acc=0.8777, lr=0.000100
Epoch 18, Iter 850: loss=0.3657, acc=0.8431, lr=0.000100
Epoch 18, Iter 900: loss=0.4496, acc=0.8096, lr=0.000100
Epoch 18, Iter 950: loss=0.3446, acc=0.8695, lr=0.000100
Epoch 18, Iter 1000: loss=0.3798, acc=0.8544, lr=0.000100
Epoch 18, Iter 1050: loss=0.3894, acc=0.8372, lr=0.000100
Epoch 18, Iter 1100: loss=0.4456, acc=0.8189, lr=0.000100
Epoch 18, Iter 1150: loss=0.3655, acc=0.8456, lr=0.000100
Epoch 18, Iter 1200: loss=0.3428, acc=0.8789, lr=0.000100
Epoch 18, Iter 1250: loss=0.3280, acc=0.8729, lr=0.000100
Epoch 18, Iter 1300: loss=0.3830, acc=0.8301, lr=0.000100
Epoch 18, Iter 1350: loss=0.3888, acc=0.8597, lr=0.000100
Epoch 18, Iter 1400: loss=0.3765, acc=0.8763, lr=0.000100
Epoch 18, Iter 1450: loss=0.3527, acc=0.8536, lr=0.000100
Epoch 18, Iter 1500: loss=0.3430, acc=0.8862, lr=0.000100
Epoch 18, Iter 1550: loss=0.4032, acc=0.8262, lr=0.000100
Epoch 18, Iter 1600: loss=0.3838, acc=0.8348, lr=0.000100
Epoch 18, Iter 1650: loss=0.3137, acc=0.8933, lr=0.000100
Epoch 18, Iter 1700: loss=0.3451, acc=0.8705, lr=0.000100
Epoch 18/30: train_loss=0.3800, train_acc=0.8493, val_loss=0.3645, val_acc=0.8506
Epoch 19, Iter 50: loss=0.4054, acc=0.8403, lr=0.000100
Epoch 19, Iter 100: loss=0.3831, acc=0.8572, lr=0.000100
Epoch 19, Iter 150: loss=0.3475, acc=0.8671, lr=0.000100
Epoch 19, Iter 200: loss=0.5095, acc=0.7923, lr=0.000100
Epoch 19, Iter 250: loss=0.3431, acc=0.8676, lr=0.000100
Epoch 19, Iter 300: loss=0.3816, acc=0.8814, lr=0.000100
Epoch 19, Iter 350: loss=0.3422, acc=0.8647, lr=0.000100
Epoch 19, Iter 400: loss=0.4279, acc=0.8358, lr=0.000100
Epoch 19, Iter 450: loss=0.4149, acc=0.8220, lr=0.000100
Epoch 19, Iter 500: loss=0.3858, acc=0.8475, lr=0.000100
Epoch 19, Iter 550: loss=0.3865, acc=0.8446, lr=0.000100
Epoch 19, Iter 600: loss=0.4178, acc=0.8359, lr=0.000100
Epoch 19, Iter 650: loss=0.4025, acc=0.8602, lr=0.000100
Epoch 19, Iter 700: loss=0.4513, acc=0.8318, lr=0.000100
Epoch 19, Iter 750: loss=0.3688, acc=0.8372, lr=0.000100
Epoch 19, Iter 800: loss=0.3771, acc=0.8430, lr=0.000100
Epoch 19, Iter 850: loss=0.3832, acc=0.8478, lr=0.000100
Epoch 19, Iter 900: loss=0.3518, acc=0.8809, lr=0.000100
Epoch 19, Iter 950: loss=0.3167, acc=0.8860, lr=0.000100
Epoch 19, Iter 1000: loss=0.3904, acc=0.8453, lr=0.000100
Epoch 19, Iter 1050: loss=0.3626, acc=0.8530, lr=0.000100
Epoch 19, Iter 1100: loss=0.4273, acc=0.8402, lr=0.000100
Epoch 19, Iter 1150: loss=0.3817, acc=0.8506, lr=0.000100
Epoch 19, Iter 1200: loss=0.3198, acc=0.8884, lr=0.000100
Epoch 19, Iter 1250: loss=0.3600, acc=0.8493, lr=0.000100
Epoch 19, Iter 1300: loss=0.3664, acc=0.8283, lr=0.000100
Epoch 19, Iter 1350: loss=0.2724, acc=0.8893, lr=0.000100
Epoch 19, Iter 1400: loss=0.4633, acc=0.8149, lr=0.000100
Epoch 19, Iter 1450: loss=0.4069, acc=0.8535, lr=0.000100
Epoch 19, Iter 1500: loss=0.3850, acc=0.8532, lr=0.000100
Epoch 19, Iter 1550: loss=0.3338, acc=0.8542, lr=0.000100
Epoch 19, Iter 1600: loss=0.4237, acc=0.8199, lr=0.000100
Epoch 19, Iter 1650: loss=0.3419, acc=0.8750, lr=0.000100
Epoch 19, Iter 1700: loss=0.4100, acc=0.8171, lr=0.000100
Epoch 19/30: train_loss=0.3787, train_acc=0.8503, val_loss=0.3607, val_acc=0.8517
Epoch 20, Iter 50: loss=0.3254, acc=0.9032, lr=0.000100
Epoch 20, Iter 100: loss=0.3543, acc=0.8430, lr=0.000100
Epoch 20, Iter 150: loss=0.3493, acc=0.8640, lr=0.000100
Epoch 20, Iter 200: loss=0.4212, acc=0.8198, lr=0.000100
Epoch 20, Iter 250: loss=0.3560, acc=0.8524, lr=0.000100
Epoch 20, Iter 300: loss=0.4466, acc=0.8060, lr=0.000100
Epoch 20, Iter 350: loss=0.4375, acc=0.8289, lr=0.000100
Epoch 20, Iter 400: loss=0.4083, acc=0.8428, lr=0.000100
Epoch 20, Iter 450: loss=0.3362, acc=0.8831, lr=0.000100
Epoch 20, Iter 500: loss=0.3600, acc=0.8544, lr=0.000100
Epoch 20, Iter 550: loss=0.4252, acc=0.8440, lr=0.000100
Epoch 20, Iter 600: loss=0.3624, acc=0.8593, lr=0.000100
Epoch 20, Iter 650: loss=0.3689, acc=0.8371, lr=0.000100
Epoch 20, Iter 700: loss=0.4132, acc=0.8349, lr=0.000100
Epoch 20, Iter 750: loss=0.3639, acc=0.8600, lr=0.000100
Epoch 20, Iter 800: loss=0.3383, acc=0.8297, lr=0.000100
Epoch 20, Iter 850: loss=0.4285, acc=0.8290, lr=0.000100
Epoch 20, Iter 900: loss=0.3681, acc=0.8485, lr=0.000100
Epoch 20, Iter 950: loss=0.3991, acc=0.8530, lr=0.000100
Epoch 20, Iter 1000: loss=0.3853, acc=0.8203, lr=0.000100
Epoch 20, Iter 1050: loss=0.3668, acc=0.8511, lr=0.000100
Epoch 20, Iter 1100: loss=0.3601, acc=0.8594, lr=0.000100
Epoch 20, Iter 1150: loss=0.2806, acc=0.8782, lr=0.000100
Epoch 20, Iter 1200: loss=0.3644, acc=0.8511, lr=0.000100
Epoch 20, Iter 1250: loss=0.3673, acc=0.8553, lr=0.000100
Epoch 20, Iter 1300: loss=0.4213, acc=0.8344, lr=0.000100
Epoch 20, Iter 1350: loss=0.3903, acc=0.8300, lr=0.000100
Epoch 20, Iter 1400: loss=0.3718, acc=0.8518, lr=0.000100
Epoch 20, Iter 1450: loss=0.3611, acc=0.8607, lr=0.000100
Epoch 20, Iter 1500: loss=0.3573, acc=0.8670, lr=0.000100
Epoch 20, Iter 1550: loss=0.3049, acc=0.8886, lr=0.000100
Epoch 20, Iter 1600: loss=0.3786, acc=0.8543, lr=0.000100
Epoch 20, Iter 1650: loss=0.3063, acc=0.8722, lr=0.000100
Epoch 20, Iter 1700: loss=0.4403, acc=0.8286, lr=0.000100
Epoch 20/30: train_loss=0.3785, train_acc=0.8505, val_loss=0.3590, val_acc=0.8524
Saved: D:\buaa_study\research\vi-fi\my_vifi\checkpoints_strict\full\fold1_epoch20.pth
Epoch 21, Iter 50: loss=0.3577, acc=0.8621, lr=0.000100
Epoch 21, Iter 100: loss=0.4214, acc=0.8119, lr=0.000100
Epoch 21, Iter 150: loss=0.4354, acc=0.8252, lr=0.000100
Epoch 21, Iter 200: loss=0.3688, acc=0.8683, lr=0.000100
Epoch 21, Iter 250: loss=0.3632, acc=0.8494, lr=0.000100
Epoch 21, Iter 300: loss=0.3447, acc=0.8550, lr=0.000100
Epoch 21, Iter 350: loss=0.3422, acc=0.8608, lr=0.000100
Epoch 21, Iter 400: loss=0.4395, acc=0.8116, lr=0.000100
Epoch 21, Iter 450: loss=0.3654, acc=0.8696, lr=0.000100
Epoch 21, Iter 500: loss=0.3236, acc=0.8743, lr=0.000100
Epoch 21, Iter 550: loss=0.4969, acc=0.8187, lr=0.000100
Epoch 21, Iter 600: loss=0.3382, acc=0.8760, lr=0.000100
Epoch 21, Iter 650: loss=0.4470, acc=0.8213, lr=0.000100
Epoch 21, Iter 700: loss=0.3632, acc=0.8506, lr=0.000100
Epoch 21, Iter 750: loss=0.3817, acc=0.8509, lr=0.000100
Epoch 21, Iter 800: loss=0.3902, acc=0.8663, lr=0.000100
Epoch 21, Iter 850: loss=0.3164, acc=0.8905, lr=0.000100
Epoch 21, Iter 900: loss=0.3218, acc=0.8738, lr=0.000100
Epoch 21, Iter 950: loss=0.3725, acc=0.8606, lr=0.000100
Epoch 21, Iter 1000: loss=0.3853, acc=0.8496, lr=0.000100
Epoch 21, Iter 1050: loss=0.3576, acc=0.8713, lr=0.000100
Epoch 21, Iter 1100: loss=0.3371, acc=0.8819, lr=0.000100
Epoch 21, Iter 1150: loss=0.4811, acc=0.7715, lr=0.000100
Epoch 21, Iter 1200: loss=0.3523, acc=0.8712, lr=0.000100
Epoch 21, Iter 1250: loss=0.3941, acc=0.8566, lr=0.000100
Epoch 21, Iter 1300: loss=0.3319, acc=0.8658, lr=0.000100
Epoch 21, Iter 1350: loss=0.3765, acc=0.8683, lr=0.000100
Epoch 21, Iter 1400: loss=0.4158, acc=0.8278, lr=0.000100
Epoch 21, Iter 1450: loss=0.3320, acc=0.8746, lr=0.000100
Epoch 21, Iter 1500: loss=0.3851, acc=0.8367, lr=0.000100
Epoch 21, Iter 1550: loss=0.3876, acc=0.8320, lr=0.000100
Epoch 21, Iter 1600: loss=0.3837, acc=0.8449, lr=0.000100
Epoch 21, Iter 1650: loss=0.3061, acc=0.8766, lr=0.000100
Epoch 21, Iter 1700: loss=0.3476, acc=0.8648, lr=0.000100
Epoch 21/30: train_loss=0.3776, train_acc=0.8511, val_loss=0.3628, val_acc=0.8515
Epoch 22, Iter 50: loss=0.4182, acc=0.8333, lr=0.000100
Epoch 22, Iter 100: loss=0.3653, acc=0.8464, lr=0.000100
Epoch 22, Iter 150: loss=0.3992, acc=0.8311, lr=0.000100
Epoch 22, Iter 200: loss=0.2979, acc=0.8917, lr=0.000100
Epoch 22, Iter 250: loss=0.3291, acc=0.8894, lr=0.000100
Epoch 22, Iter 300: loss=0.3670, acc=0.8478, lr=0.000100
Epoch 22, Iter 350: loss=0.4603, acc=0.8091, lr=0.000100
Epoch 22, Iter 400: loss=0.3851, acc=0.8427, lr=0.000100
Epoch 22, Iter 450: loss=0.3433, acc=0.8795, lr=0.000100
Epoch 22, Iter 500: loss=0.3619, acc=0.8642, lr=0.000100
Epoch 22, Iter 550: loss=0.4036, acc=0.8420, lr=0.000100
Epoch 22, Iter 600: loss=0.4525, acc=0.8310, lr=0.000100
Epoch 22, Iter 650: loss=0.3455, acc=0.8698, lr=0.000100
Epoch 22, Iter 700: loss=0.4158, acc=0.8653, lr=0.000100
Epoch 22, Iter 750: loss=0.3506, acc=0.8551, lr=0.000100
Epoch 22, Iter 800: loss=0.3732, acc=0.8598, lr=0.000100
Epoch 22, Iter 850: loss=0.4438, acc=0.8170, lr=0.000100
Epoch 22, Iter 900: loss=0.3726, acc=0.8622, lr=0.000100
Epoch 22, Iter 950: loss=0.4581, acc=0.8215, lr=0.000100
Epoch 22, Iter 1000: loss=0.3636, acc=0.8668, lr=0.000100
Epoch 22, Iter 1050: loss=0.4013, acc=0.8466, lr=0.000100
Epoch 22, Iter 1100: loss=0.3752, acc=0.8143, lr=0.000100
Epoch 22, Iter 1150: loss=0.3486, acc=0.8582, lr=0.000100
Epoch 22, Iter 1200: loss=0.3740, acc=0.8367, lr=0.000100
Epoch 22, Iter 1250: loss=0.3738, acc=0.8271, lr=0.000100
Epoch 22, Iter 1300: loss=0.3605, acc=0.8645, lr=0.000100
Epoch 22, Iter 1350: loss=0.3448, acc=0.8732, lr=0.000100
Epoch 22, Iter 1400: loss=0.4134, acc=0.8252, lr=0.000100
Epoch 22, Iter 1450: loss=0.4133, acc=0.8205, lr=0.000100
Epoch 22, Iter 1500: loss=0.3720, acc=0.8662, lr=0.000100
Epoch 22, Iter 1550: loss=0.3638, acc=0.8596, lr=0.000100
Epoch 22, Iter 1600: loss=0.4119, acc=0.8427, lr=0.000100
Epoch 22, Iter 1650: loss=0.3148, acc=0.8689, lr=0.000100
Epoch 22, Iter 1700: loss=0.3254, acc=0.8749, lr=0.000100
Epoch 22/30: train_loss=0.3770, train_acc=0.8511, val_loss=0.3600, val_acc=0.8542
New best: fold1_best_epoch22_acc0.8542.pth
Epoch 23, Iter 50: loss=0.4244, acc=0.8142, lr=0.000100
Epoch 23, Iter 100: loss=0.4188, acc=0.8442, lr=0.000100
Epoch 23, Iter 150: loss=0.3530, acc=0.8498, lr=0.000100
Epoch 23, Iter 200: loss=0.3831, acc=0.8490, lr=0.000100
Epoch 23, Iter 250: loss=0.3654, acc=0.8595, lr=0.000100
Epoch 23, Iter 300: loss=0.4402, acc=0.8164, lr=0.000100
Epoch 23, Iter 350: loss=0.3836, acc=0.8423, lr=0.000100
Epoch 23, Iter 400: loss=0.3520, acc=0.8593, lr=0.000100
Epoch 23, Iter 450: loss=0.3443, acc=0.8677, lr=0.000100
Epoch 23, Iter 500: loss=0.3884, acc=0.8576, lr=0.000100
Epoch 23, Iter 550: loss=0.3482, acc=0.8602, lr=0.000100
Epoch 23, Iter 600: loss=0.3558, acc=0.8440, lr=0.000100
Epoch 23, Iter 650: loss=0.3169, acc=0.8811, lr=0.000100
Epoch 23, Iter 700: loss=0.3722, acc=0.8675, lr=0.000100
Epoch 23, Iter 750: loss=0.3874, acc=0.8351, lr=0.000100
Epoch 23, Iter 800: loss=0.3792, acc=0.8422, lr=0.000100
Epoch 23, Iter 850: loss=0.3222, acc=0.8832, lr=0.000100
Epoch 23, Iter 900: loss=0.3846, acc=0.8680, lr=0.000100
Epoch 23, Iter 950: loss=0.3463, acc=0.8772, lr=0.000100
Epoch 23, Iter 1000: loss=0.4029, acc=0.8380, lr=0.000100
Epoch 23, Iter 1050: loss=0.3901, acc=0.8495, lr=0.000100
Epoch 23, Iter 1100: loss=0.4369, acc=0.8121, lr=0.000100
Epoch 23, Iter 1150: loss=0.3243, acc=0.8777, lr=0.000100
Epoch 23, Iter 1200: loss=0.3821, acc=0.8339, lr=0.000100
Epoch 23, Iter 1250: loss=0.3862, acc=0.8319, lr=0.000100
Epoch 23, Iter 1300: loss=0.3086, acc=0.8717, lr=0.000100
Epoch 23, Iter 1350: loss=0.3181, acc=0.9005, lr=0.000100
Epoch 23, Iter 1400: loss=0.3967, acc=0.8289, lr=0.000100
Epoch 23, Iter 1450: loss=0.3481, acc=0.8546, lr=0.000100
Epoch 23, Iter 1500: loss=0.4205, acc=0.8339, lr=0.000100
Epoch 23, Iter 1550: loss=0.3899, acc=0.8579, lr=0.000100
Epoch 23, Iter 1600: loss=0.3802, acc=0.8629, lr=0.000100
Epoch 23, Iter 1650: loss=0.3926, acc=0.8439, lr=0.000100
Epoch 23, Iter 1700: loss=0.3148, acc=0.8779, lr=0.000100
Epoch 23/30: train_loss=0.3766, train_acc=0.8518, val_loss=0.3588, val_acc=0.8529
Epoch 24, Iter 50: loss=0.3438, acc=0.8616, lr=0.000100
Epoch 24, Iter 100: loss=0.3805, acc=0.8414, lr=0.000100
Epoch 24, Iter 150: loss=0.4131, acc=0.8128, lr=0.000100
Epoch 24, Iter 200: loss=0.3767, acc=0.8709, lr=0.000100
Epoch 24, Iter 250: loss=0.3338, acc=0.8871, lr=0.000100
Epoch 24, Iter 300: loss=0.3963, acc=0.8573, lr=0.000100
Epoch 24, Iter 350: loss=0.3311, acc=0.8525, lr=0.000100
Epoch 24, Iter 400: loss=0.3993, acc=0.8386, lr=0.000100
Epoch 24, Iter 450: loss=0.3751, acc=0.8558, lr=0.000100
Epoch 24, Iter 500: loss=0.3852, acc=0.8489, lr=0.000100
Epoch 24, Iter 550: loss=0.3712, acc=0.8639, lr=0.000100
Epoch 24, Iter 600: loss=0.3566, acc=0.8334, lr=0.000100
Epoch 24, Iter 650: loss=0.3644, acc=0.8362, lr=0.000100
Epoch 24, Iter 700: loss=0.3874, acc=0.8307, lr=0.000100
Epoch 24, Iter 750: loss=0.3609, acc=0.8781, lr=0.000100
Epoch 24, Iter 800: loss=0.3504, acc=0.8727, lr=0.000100
Epoch 24, Iter 850: loss=0.2947, acc=0.8832, lr=0.000100
Epoch 24, Iter 900: loss=0.3347, acc=0.8756, lr=0.000100
Epoch 24, Iter 950: loss=0.4215, acc=0.8272, lr=0.000100
Epoch 24, Iter 1000: loss=0.3102, acc=0.8812, lr=0.000100
Epoch 24, Iter 1050: loss=0.3617, acc=0.8591, lr=0.000100
Epoch 24, Iter 1100: loss=0.5124, acc=0.7755, lr=0.000100
Epoch 24, Iter 1150: loss=0.4080, acc=0.8221, lr=0.000100
Epoch 24, Iter 1200: loss=0.3853, acc=0.8406, lr=0.000100
Epoch 24, Iter 1250: loss=0.3437, acc=0.8862, lr=0.000100
Epoch 24, Iter 1300: loss=0.4571, acc=0.8270, lr=0.000100
Epoch 24, Iter 1350: loss=0.3754, acc=0.8578, lr=0.000100
Epoch 24, Iter 1400: loss=0.4412, acc=0.8148, lr=0.000100
Epoch 24, Iter 1450: loss=0.4404, acc=0.8068, lr=0.000100
Epoch 24, Iter 1500: loss=0.3992, acc=0.8201, lr=0.000100
Epoch 24, Iter 1550: loss=0.4404, acc=0.8017, lr=0.000100
Epoch 24, Iter 1600: loss=0.3536, acc=0.8806, lr=0.000100
Epoch 24, Iter 1650: loss=0.3476, acc=0.8499, lr=0.000100
Epoch 24, Iter 1700: loss=0.4110, acc=0.8521, lr=0.000100
Epoch 24/30: train_loss=0.3758, train_acc=0.8515, val_loss=0.3579, val_acc=0.8543
New best: fold1_best_epoch24_acc0.8543.pth
Epoch 25, Iter 50: loss=0.3632, acc=0.8348, lr=0.000100
Epoch 25, Iter 100: loss=0.4191, acc=0.8149, lr=0.000100
Epoch 25, Iter 150: loss=0.4131, acc=0.8511, lr=0.000100
Epoch 25, Iter 200: loss=0.3674, acc=0.8491, lr=0.000100
Epoch 25, Iter 250: loss=0.3913, acc=0.8376, lr=0.000100
Epoch 25, Iter 300: loss=0.4199, acc=0.8271, lr=0.000100
Epoch 25, Iter 350: loss=0.3257, acc=0.8545, lr=0.000100
Epoch 25, Iter 400: loss=0.4365, acc=0.8164, lr=0.000100
Epoch 25, Iter 450: loss=0.4025, acc=0.8413, lr=0.000100
Epoch 25, Iter 500: loss=0.3347, acc=0.8729, lr=0.000100
Epoch 25, Iter 550: loss=0.3710, acc=0.8727, lr=0.000100
Epoch 25, Iter 600: loss=0.3963, acc=0.8279, lr=0.000100
Epoch 25, Iter 650: loss=0.3952, acc=0.8443, lr=0.000100
Epoch 25, Iter 700: loss=0.3167, acc=0.9055, lr=0.000100
Epoch 25, Iter 750: loss=0.4069, acc=0.8509, lr=0.000100
Epoch 25, Iter 800: loss=0.3653, acc=0.8674, lr=0.000100
Epoch 25, Iter 850: loss=0.4400, acc=0.8226, lr=0.000100
Epoch 25, Iter 900: loss=0.2967, acc=0.8867, lr=0.000100
Epoch 25, Iter 950: loss=0.3584, acc=0.8727, lr=0.000100
Epoch 25, Iter 1000: loss=0.4146, acc=0.8361, lr=0.000100
Epoch 25, Iter 1050: loss=0.3344, acc=0.8707, lr=0.000100
Epoch 25, Iter 1100: loss=0.4170, acc=0.8404, lr=0.000100
Epoch 25, Iter 1150: loss=0.4104, acc=0.8459, lr=0.000100
Epoch 25, Iter 1200: loss=0.3275, acc=0.8821, lr=0.000100
Epoch 25, Iter 1250: loss=0.3604, acc=0.8411, lr=0.000100
Epoch 25, Iter 1300: loss=0.3960, acc=0.8522, lr=0.000100
Epoch 25, Iter 1350: loss=0.3960, acc=0.8378, lr=0.000100
Epoch 25, Iter 1400: loss=0.3366, acc=0.8670, lr=0.000100
Epoch 25, Iter 1450: loss=0.3681, acc=0.8360, lr=0.000100
Epoch 25, Iter 1500: loss=0.3598, acc=0.8438, lr=0.000100
Epoch 25, Iter 1550: loss=0.3447, acc=0.8662, lr=0.000100
Epoch 25, Iter 1600: loss=0.3623, acc=0.8700, lr=0.000100
Epoch 25, Iter 1650: loss=0.3895, acc=0.8482, lr=0.000100
Epoch 25, Iter 1700: loss=0.3882, acc=0.8394, lr=0.000100
Epoch 25/30: train_loss=0.3749, train_acc=0.8530, val_loss=0.3586, val_acc=0.8517
Epoch 26, Iter 50: loss=0.4092, acc=0.8588, lr=0.000100
Epoch 26, Iter 100: loss=0.4158, acc=0.8196, lr=0.000100
Epoch 26, Iter 150: loss=0.3571, acc=0.8573, lr=0.000100
Epoch 26, Iter 200: loss=0.3860, acc=0.8333, lr=0.000100
Epoch 26, Iter 250: loss=0.4278, acc=0.8200, lr=0.000100
Epoch 26, Iter 300: loss=0.3557, acc=0.8661, lr=0.000100
Epoch 26, Iter 350: loss=0.3625, acc=0.8729, lr=0.000100
Epoch 26, Iter 400: loss=0.3387, acc=0.8890, lr=0.000100
Epoch 26, Iter 450: loss=0.3304, acc=0.8741, lr=0.000100
Epoch 26, Iter 500: loss=0.3694, acc=0.8677, lr=0.000100
Epoch 26, Iter 550: loss=0.3966, acc=0.8350, lr=0.000100
Epoch 26, Iter 600: loss=0.3887, acc=0.8491, lr=0.000100
Epoch 26, Iter 650: loss=0.2855, acc=0.9022, lr=0.000100
Epoch 26, Iter 700: loss=0.4250, acc=0.8177, lr=0.000100
Epoch 26, Iter 750: loss=0.3169, acc=0.8717, lr=0.000100
Epoch 26, Iter 800: loss=0.3997, acc=0.8458, lr=0.000100
Epoch 26, Iter 850: loss=0.3472, acc=0.8701, lr=0.000100
Epoch 26, Iter 900: loss=0.4007, acc=0.8332, lr=0.000100
Epoch 26, Iter 950: loss=0.3525, acc=0.8689, lr=0.000100
Epoch 26, Iter 1000: loss=0.3740, acc=0.8650, lr=0.000100
Epoch 26, Iter 1050: loss=0.3735, acc=0.8581, lr=0.000100
Epoch 26, Iter 1100: loss=0.3911, acc=0.8362, lr=0.000100
Epoch 26, Iter 1150: loss=0.4445, acc=0.8127, lr=0.000100
Epoch 26, Iter 1200: loss=0.3805, acc=0.8814, lr=0.000100
Epoch 26, Iter 1250: loss=0.4334, acc=0.8291, lr=0.000100
Epoch 26, Iter 1300: loss=0.3513, acc=0.8512, lr=0.000100
Epoch 26, Iter 1350: loss=0.3466, acc=0.8708, lr=0.000100
Epoch 26, Iter 1400: loss=0.3607, acc=0.8605, lr=0.000100
Epoch 26, Iter 1450: loss=0.3672, acc=0.8680, lr=0.000100
Epoch 26, Iter 1500: loss=0.3885, acc=0.8394, lr=0.000100
Epoch 26, Iter 1550: loss=0.3503, acc=0.8746, lr=0.000100
Epoch 26, Iter 1600: loss=0.3508, acc=0.8557, lr=0.000100
Epoch 26, Iter 1650: loss=0.4370, acc=0.8395, lr=0.000100
Epoch 26, Iter 1700: loss=0.3537, acc=0.8491, lr=0.000100
Epoch 26/30: train_loss=0.3744, train_acc=0.8531, val_loss=0.3576, val_acc=0.8532
Epoch 27, Iter 50: loss=0.4071, acc=0.8706, lr=0.000100
Epoch 27, Iter 100: loss=0.3386, acc=0.8576, lr=0.000100
Epoch 27, Iter 150: loss=0.2912, acc=0.9006, lr=0.000100
Epoch 27, Iter 200: loss=0.3998, acc=0.8308, lr=0.000100
Epoch 27, Iter 250: loss=0.3269, acc=0.8879, lr=0.000100
Epoch 27, Iter 300: loss=0.3455, acc=0.8719, lr=0.000100
Epoch 27, Iter 350: loss=0.3773, acc=0.8387, lr=0.000100
Epoch 27, Iter 400: loss=0.3904, acc=0.8281, lr=0.000100
Epoch 27, Iter 450: loss=0.3881, acc=0.8371, lr=0.000100
Epoch 27, Iter 500: loss=0.4068, acc=0.8513, lr=0.000100
Epoch 27, Iter 550: loss=0.3590, acc=0.8662, lr=0.000100
Epoch 27, Iter 600: loss=0.3528, acc=0.8536, lr=0.000100
Epoch 27, Iter 650: loss=0.3343, acc=0.8617, lr=0.000100
Epoch 27, Iter 700: loss=0.3601, acc=0.8610, lr=0.000100
Epoch 27, Iter 750: loss=0.3998, acc=0.8262, lr=0.000100
Epoch 27, Iter 800: loss=0.4424, acc=0.8081, lr=0.000100
Epoch 27, Iter 850: loss=0.3503, acc=0.8658, lr=0.000100
Epoch 27, Iter 900: loss=0.3960, acc=0.8433, lr=0.000100
Epoch 27, Iter 950: loss=0.4262, acc=0.8156, lr=0.000100
Epoch 27, Iter 1000: loss=0.3157, acc=0.8671, lr=0.000100
Epoch 27, Iter 1050: loss=0.3851, acc=0.8500, lr=0.000100
Epoch 27, Iter 1100: loss=0.4586, acc=0.8176, lr=0.000100
Epoch 27, Iter 1150: loss=0.3765, acc=0.8478, lr=0.000100
Epoch 27, Iter 1200: loss=0.3593, acc=0.8648, lr=0.000100
Epoch 27, Iter 1250: loss=0.4241, acc=0.8083, lr=0.000100
Epoch 27, Iter 1300: loss=0.4044, acc=0.8462, lr=0.000100
Epoch 27, Iter 1350: loss=0.3771, acc=0.8551, lr=0.000100
Epoch 27, Iter 1400: loss=0.3778, acc=0.8675, lr=0.000100
Epoch 27, Iter 1450: loss=0.3239, acc=0.8513, lr=0.000100
Epoch 27, Iter 1500: loss=0.3675, acc=0.8442, lr=0.000100
Epoch 27, Iter 1550: loss=0.3369, acc=0.8756, lr=0.000100
Epoch 27, Iter 1600: loss=0.3733, acc=0.8585, lr=0.000100
Epoch 27, Iter 1650: loss=0.3996, acc=0.8210, lr=0.000100
Epoch 27, Iter 1700: loss=0.3665, acc=0.8425, lr=0.000100
Epoch 27/30: train_loss=0.3740, train_acc=0.8530, val_loss=0.3578, val_acc=0.8539
Epoch 28, Iter 50: loss=0.4722, acc=0.8046, lr=0.000100
Epoch 28, Iter 100: loss=0.4248, acc=0.8393, lr=0.000100
Epoch 28, Iter 150: loss=0.3929, acc=0.8393, lr=0.000100
Epoch 28, Iter 200: loss=0.3425, acc=0.8576, lr=0.000100
Epoch 28, Iter 250: loss=0.4100, acc=0.8440, lr=0.000100
Epoch 28, Iter 300: loss=0.3986, acc=0.8504, lr=0.000100
Epoch 28, Iter 350: loss=0.3860, acc=0.8470, lr=0.000100
Epoch 28, Iter 400: loss=0.3722, acc=0.8592, lr=0.000100
Epoch 28, Iter 450: loss=0.4281, acc=0.8218, lr=0.000100
Epoch 28, Iter 500: loss=0.3871, acc=0.8390, lr=0.000100
Epoch 28, Iter 550: loss=0.3973, acc=0.8364, lr=0.000100
Epoch 28, Iter 600: loss=0.4052, acc=0.8508, lr=0.000100
Epoch 28, Iter 650: loss=0.3729, acc=0.8282, lr=0.000100
Epoch 28, Iter 700: loss=0.4067, acc=0.8418, lr=0.000100
Epoch 28, Iter 750: loss=0.3849, acc=0.8622, lr=0.000100
Epoch 28, Iter 800: loss=0.3543, acc=0.8745, lr=0.000100
Epoch 28, Iter 850: loss=0.4335, acc=0.8395, lr=0.000100
Epoch 28, Iter 900: loss=0.3822, acc=0.8272, lr=0.000100
Epoch 28, Iter 950: loss=0.3489, acc=0.8689, lr=0.000100
Epoch 28, Iter 1000: loss=0.3810, acc=0.8451, lr=0.000100
Epoch 28, Iter 1050: loss=0.3692, acc=0.8468, lr=0.000100
Epoch 28, Iter 1100: loss=0.3711, acc=0.8622, lr=0.000100
Epoch 28, Iter 1150: loss=0.3727, acc=0.8726, lr=0.000100
Epoch 28, Iter 1200: loss=0.3774, acc=0.8560, lr=0.000100
Epoch 28, Iter 1250: loss=0.3348, acc=0.8729, lr=0.000100
Epoch 28, Iter 1300: loss=0.3754, acc=0.8336, lr=0.000100
Epoch 28, Iter 1350: loss=0.3364, acc=0.8760, lr=0.000100
Epoch 28, Iter 1400: loss=0.4552, acc=0.8234, lr=0.000100
Epoch 28, Iter 1450: loss=0.4130, acc=0.8150, lr=0.000100
Epoch 28, Iter 1500: loss=0.4329, acc=0.8362, lr=0.000100
Epoch 28, Iter 1550: loss=0.3925, acc=0.8469, lr=0.000100
Epoch 28, Iter 1600: loss=0.3486, acc=0.8963, lr=0.000100
Epoch 28, Iter 1650: loss=0.3495, acc=0.8579, lr=0.000100
Epoch 28, Iter 1700: loss=0.3309, acc=0.8809, lr=0.000100
Epoch 28/30: train_loss=0.3734, train_acc=0.8535, val_loss=0.3535, val_acc=0.8552
New best: fold1_best_epoch28_acc0.8552.pth
Epoch 29, Iter 50: loss=0.3622, acc=0.8511, lr=0.000100
Epoch 29, Iter 100: loss=0.4386, acc=0.8001, lr=0.000100
Epoch 29, Iter 150: loss=0.3767, acc=0.8344, lr=0.000100
Epoch 29, Iter 200: loss=0.3255, acc=0.8860, lr=0.000100
Epoch 29, Iter 250: loss=0.3565, acc=0.8554, lr=0.000100
Epoch 29, Iter 300: loss=0.3032, acc=0.8907, lr=0.000100
Epoch 29, Iter 350: loss=0.2900, acc=0.9077, lr=0.000100
Epoch 29, Iter 400: loss=0.3717, acc=0.8541, lr=0.000100
Epoch 29, Iter 450: loss=0.3286, acc=0.8766, lr=0.000100
Epoch 29, Iter 500: loss=0.3805, acc=0.8503, lr=0.000100
Epoch 29, Iter 550: loss=0.3794, acc=0.8588, lr=0.000100
Epoch 29, Iter 600: loss=0.4042, acc=0.8640, lr=0.000100
Epoch 29, Iter 650: loss=0.3898, acc=0.8584, lr=0.000100
Epoch 29, Iter 700: loss=0.3701, acc=0.8663, lr=0.000100
Epoch 29, Iter 750: loss=0.3624, acc=0.8701, lr=0.000100
Epoch 29, Iter 800: loss=0.4101, acc=0.8259, lr=0.000100
Epoch 29, Iter 850: loss=0.3541, acc=0.8669, lr=0.000100
Epoch 29, Iter 900: loss=0.3527, acc=0.8654, lr=0.000100
Epoch 29, Iter 950: loss=0.3495, acc=0.8486, lr=0.000100
Epoch 29, Iter 1000: loss=0.3246, acc=0.8616, lr=0.000100
Epoch 29, Iter 1050: loss=0.3982, acc=0.8524, lr=0.000100
Epoch 29, Iter 1100: loss=0.3810, acc=0.8566, lr=0.000100
Epoch 29, Iter 1150: loss=0.2979, acc=0.9184, lr=0.000100
Epoch 29, Iter 1200: loss=0.3045, acc=0.8810, lr=0.000100
Epoch 29, Iter 1250: loss=0.4200, acc=0.8513, lr=0.000100
Epoch 29, Iter 1300: loss=0.3910, acc=0.8373, lr=0.000100
Epoch 29, Iter 1350: loss=0.3731, acc=0.8486, lr=0.000100
Epoch 29, Iter 1400: loss=0.3698, acc=0.8496, lr=0.000100
Epoch 29, Iter 1450: loss=0.3971, acc=0.8383, lr=0.000100
Epoch 29, Iter 1500: loss=0.3708, acc=0.8615, lr=0.000100
Epoch 29, Iter 1550: loss=0.3029, acc=0.9082, lr=0.000100
Epoch 29, Iter 1600: loss=0.4219, acc=0.8335, lr=0.000100
Epoch 29, Iter 1650: loss=0.3855, acc=0.8305, lr=0.000100
Epoch 29, Iter 1700: loss=0.3492, acc=0.8564, lr=0.000100
Epoch 29/30: train_loss=0.3725, train_acc=0.8543, val_loss=0.3545, val_acc=0.8552
New best: fold1_best_epoch29_acc0.8552.pth
Epoch 30, Iter 50: loss=0.3358, acc=0.8786, lr=0.000100
Epoch 30, Iter 100: loss=0.3339, acc=0.8858, lr=0.000100
Epoch 30, Iter 150: loss=0.3761, acc=0.8791, lr=0.000100
Epoch 30, Iter 200: loss=0.4102, acc=0.8471, lr=0.000100
Epoch 30, Iter 250: loss=0.3730, acc=0.8527, lr=0.000100
Epoch 30, Iter 300: loss=0.3627, acc=0.8564, lr=0.000100
Epoch 30, Iter 350: loss=0.3884, acc=0.8559, lr=0.000100
Epoch 30, Iter 400: loss=0.3881, acc=0.8718, lr=0.000100
Epoch 30, Iter 450: loss=0.3641, acc=0.8680, lr=0.000100
Epoch 30, Iter 500: loss=0.3848, acc=0.8404, lr=0.000100
Epoch 30, Iter 550: loss=0.4473, acc=0.8156, lr=0.000100
Epoch 30, Iter 600: loss=0.5182, acc=0.7887, lr=0.000100
Epoch 30, Iter 650: loss=0.3156, acc=0.8690, lr=0.000100
Epoch 30, Iter 700: loss=0.3113, acc=0.8842, lr=0.000100
Epoch 30, Iter 750: loss=0.3757, acc=0.8391, lr=0.000100
Epoch 30, Iter 800: loss=0.4272, acc=0.8198, lr=0.000100
Epoch 30, Iter 850: loss=0.3891, acc=0.8492, lr=0.000100
Epoch 30, Iter 900: loss=0.4095, acc=0.8322, lr=0.000100
Epoch 30, Iter 950: loss=0.4409, acc=0.8246, lr=0.000100
Epoch 30, Iter 1000: loss=0.3430, acc=0.8698, lr=0.000100
Epoch 30, Iter 1050: loss=0.3277, acc=0.8634, lr=0.000100
Epoch 30, Iter 1100: loss=0.4225, acc=0.8250, lr=0.000100
Epoch 30, Iter 1150: loss=0.3572, acc=0.8332, lr=0.000100
Epoch 30, Iter 1200: loss=0.3922, acc=0.8369, lr=0.000100
Epoch 30, Iter 1250: loss=0.3171, acc=0.8740, lr=0.000100
Epoch 30, Iter 1300: loss=0.3332, acc=0.8556, lr=0.000100
Epoch 30, Iter 1350: loss=0.3672, acc=0.8528, lr=0.000100
Epoch 30, Iter 1400: loss=0.3982, acc=0.8480, lr=0.000100
Epoch 30, Iter 1450: loss=0.3363, acc=0.8641, lr=0.000100
Epoch 30, Iter 1500: loss=0.4389, acc=0.8097, lr=0.000100
Epoch 30, Iter 1550: loss=0.3995, acc=0.8571, lr=0.000100
Epoch 30, Iter 1600: loss=0.3009, acc=0.9069, lr=0.000100
Epoch 30, Iter 1650: loss=0.3622, acc=0.8360, lr=0.000100
Epoch 30, Iter 1700: loss=0.3737, acc=0.8654, lr=0.000100
Epoch 30/30: train_loss=0.3721, train_acc=0.8541, val_loss=0.3560, val_acc=0.8544
Saved: D:\buaa_study\research\vi-fi\my_vifi\checkpoints_strict\full\fold1_epoch30.pth
Training complete. Best val acc: 0.8552
